✔ [3531/3601] Built FewInflection.Nevanlinna.PoissonLogDerivative (10s)
✔ [3532/3601] Built FewInflection.AnalyticLogBranch (11s)
✔ [3533/3601] Built FewInflection.Nevanlinna.PoissonJensen (12s)
✔ [3534/3601] Built FewInflection.Definitions (15s)
⚠ [3535/3601] Built FewInflection.Nevanlinna.PoissonKernelBounds (15s)
warning: FewInflection/Nevanlinna/PoissonKernelBounds.lean:268:12: This simp argument is unused:
  norm_div

Hint: Omit it from the simp argument list.
  [apply] simp [norm_mul, Complex.norm_natCast, div_eq_mul_inv, mul_assoc]

Note: This linter can be disabled with `set_option linter.unusedSimpArgs false`
warning: FewInflection/Nevanlinna/PoissonKernelBounds.lean:268:22: This simp argument is unused:
  norm_mul

Hint: Omit it from the simp argument list.
  [apply] simp [norm_div, Complex.norm_natCast, div_eq_mul_inv, mul_assoc]

Note: This linter can be disabled with `set_option linter.unusedSimpArgs false`
warning: FewInflection/Nevanlinna/PoissonKernelBounds.lean:268:32: This simp argument is unused:
  Complex.norm_natCast

Hint: Omit it from the simp argument list.
  [apply] simp [norm_div, norm_mul, div_eq_mul_inv, mul_assoc]

Note: This linter can be disabled with `set_option linter.unusedSimpArgs false`
warning: FewInflection/Nevanlinna/PoissonKernelBounds.lean:322:22: This simp argument is unused:
  norm_mul

Hint: Omit it from the simp argument list.
  [apply] simp [Complex.norm_intCast, Real.norm_eq_abs]

Note: This linter can be disabled with `set_option linter.unusedSimpArgs false`
warning: FewInflection/Nevanlinna/PoissonKernelBounds.lean:322:54: This simp argument is unused:
  Real.norm_eq_abs

Hint: Omit it from the simp argument list.
  [apply] simp [norm_mul, Complex.norm_intCast]

Note: This linter can be disabled with `set_option linter.unusedSimpArgs false`
warning: FewInflection/Nevanlinna/PoissonKernelBounds.lean:364:18: This simp argument is unused:
  norm_mul

Hint: Omit it from the simp argument list.
  [apply] simp [norm_div, norm_pow, Complex.norm_natCast, div_eq_mul_inv, mul_assoc, mul_left_comm, mul_comm]

Note: This linter can be disabled with `set_option linter.unusedSimpArgs false`
warning: FewInflection/Nevanlinna/PoissonKernelBounds.lean:364:28: This simp argument is unused:
  norm_div

Hint: Omit it from the simp argument list.
  [apply] simp [norm_mul, norm_pow, Complex.norm_natCast, div_eq_mul_inv, mul_assoc, mul_left_comm, mul_comm]

Note: This linter can be disabled with `set_option linter.unusedSimpArgs false`
warning: FewInflection/Nevanlinna/PoissonKernelBounds.lean:364:48: This simp argument is unused:
  Complex.norm_natCast

Hint: Omit it from the simp argument list.
  [apply] simp [norm_mul, norm_div, norm_pow, div_eq_mul_inv, mul_assoc, mul_left_comm, mul_comm]

Note: This linter can be disabled with `set_option linter.unusedSimpArgs false`
✔ [3536/3601] Built FewInflection.Nevanlinna.PoissonDerivative (15s)
⚠ [3537/3601] Built FewInflection.Dilation (19s)
info: FewInflection/Dilation.lean:118:2: Try this:
  [apply] ring_nf
  
  The `ring` tactic failed to close the goal. Use `ring_nf` to obtain a normal form.
    
  Note that `ring` works primarily in *commutative* rings. If you have a noncommutative ring, abelian group or module, consider using `noncomm_ring`, `abel` or `module` instead.
warning: FewInflection/Dilation.lean:155:37: Variable name `ht` is not explicitly referenced.

Hint: The binding can be removed (if unused) or named `_` (if used implicitly). Alternatively, prefix the name with `_` to silence this warning:
  [apply] _ht

Note: This linter can be disabled with `set_option linter.unusedVariables false`
⚠ [3538/3601] Built FewInflection.Gauge (19s)
warning: FewInflection/Gauge.lean:52:4: `push_neg` has been deprecated. Prefer using `push Not` instead.
If you'd rather continue using `push_neg` in your project, you can implement it as follows:
```
open Lean.Parser.Tactic in
macro "push_neg" cfg:optConfig loc:(location)? : tactic =>
  `(tactic| push $cfg:optConfig Not $[$loc]?)
```
warning: FewInflection/Gauge.lean:93:38: This simp argument is unused:
  Finset.sum_mul

Hint: Omit it from the simp argument list.
  [apply] simp [matrixGauge, smul_eq_mul, Finset.mul_sum, mul_comm, mul_left_comm, mul_assoc] at hz

Note: This linter can be disabled with `set_option linter.unusedSimpArgs false`
warning: FewInflection/Gauge.lean:94:33: This simp argument is unused:
  mul_assoc

Hint: Omit it from the simp argument list.
  [apply] simp [matrixGauge, smul_eq_mul, Finset.sum_mul, Finset.mul_sum, mul_comm, mul_left_comm] at hz

Note: This linter can be disabled with `set_option linter.unusedSimpArgs false`
✔ [3539/3601] Built FewInflection.Nevanlinna.FiniteSingularSums (19s)
✔ [3540/3601] Built FewInflection.Jensen (19s)
✔ [3541/3601] Built FewInflection.Results (20s)
✔ [3542/3601] Built FewInflection.Nevanlinna.CanonicalKernels (20s)
✖ [3543/3601] Building FewInflection.ScalarGauge (6.3s)
trace: .> LEAN_PATH=E:\Lean 4\Sendov_conjecture_explicit_n0\.lake\packages\Cli\.lake\build\lib\lean;E:\Lean 4\Sendov_conjecture_explicit_n0\.lake\packages\batteries\.lake\build\lib\lean;E:\Lean 4\Sendov_conjecture_explicit_n0\.lake\packages\Qq\.lake\build\lib\lean;E:\Lean 4\Sendov_conjecture_explicit_n0\.lake\packages\aesop\.lake\build\lib\lean;E:\Lean 4\Sendov_conjecture_explicit_n0\.lake\packages\proofwidgets\.lake\build\lib\lean;E:\Lean 4\Sendov_conjecture_explicit_n0\.lake\packages\importGraph\.lake\build\lib\lean;E:\Lean 4\Sendov_conjecture_explicit_n0\.lake\packages\LeanSearchClient\.lake\build\lib\lean;E:\Lean 4\Sendov_conjecture_explicit_n0\.lake\packages\plausible\.lake\build\lib\lean;E:\Lean 4\Sendov_conjecture_explicit_n0\.lake\packages\mathlib\.lake\build\lib\lean;E:\Lean 4\Smallram\.lake\build\lib\lean c:\Users\HUAWEI\.elan\toolchains\leanprover--lean4---v4.34.0-rc1\bin\lean.exe E:\Lean 4\Smallram\FewInflection\ScalarGauge.lean -o E:\Lean 4\Smallram\.lake\build\lib\lean\FewInflection\ScalarGauge.olean -i E:\Lean 4\Smallram\.lake\build\lib\lean\FewInflection\ScalarGauge.ilean -c E:\Lean 4\Smallram\.lake\build\ir\FewInflection\ScalarGauge.c --setup E:\Lean 4\Smallram\.lake\build\ir\FewInflection\ScalarGauge.setup.json --json
error: FewInflection/ScalarGauge.lean:1:0: failed to read file 'd:\LeanData\elan\toolchains\leanprover--lean4---v4.34.0-rc1\lib\lean\Lean\Elab\PreDefinition\Structural\BRecOn.olean.private'
✖ [3544/3601] Building FewInflection.TargetSnapshot (6.1s)
trace: .> LEAN_PATH=E:\Lean 4\Sendov_conjecture_explicit_n0\.lake\packages\Cli\.lake\build\lib\lean;E:\Lean 4\Sendov_conjecture_explicit_n0\.lake\packages\batteries\.lake\build\lib\lean;E:\Lean 4\Sendov_conjecture_explicit_n0\.lake\packages\Qq\.lake\build\lib\lean;E:\Lean 4\Sendov_conjecture_explicit_n0\.lake\packages\aesop\.lake\build\lib\lean;E:\Lean 4\Sendov_conjecture_explicit_n0\.lake\packages\proofwidgets\.lake\build\lib\lean;E:\Lean 4\Sendov_conjecture_explicit_n0\.lake\packages\importGraph\.lake\build\lib\lean;E:\Lean 4\Sendov_conjecture_explicit_n0\.lake\packages\LeanSearchClient\.lake\build\lib\lean;E:\Lean 4\Sendov_conjecture_explicit_n0\.lake\packages\plausible\.lake\build\lib\lean;E:\Lean 4\Sendov_conjecture_explicit_n0\.lake\packages\mathlib\.lake\build\lib\lean;E:\Lean 4\Smallram\.lake\build\lib\lean c:\Users\HUAWEI\.elan\toolchains\leanprover--lean4---v4.34.0-rc1\bin\lean.exe E:\Lean 4\Smallram\FewInflection\TargetSnapshot.lean -o E:\Lean 4\Smallram\.lake\build\lib\lean\FewInflection\TargetSnapshot.olean -i E:\Lean 4\Smallram\.lake\build\lib\lean\FewInflection\TargetSnapshot.ilean -c E:\Lean 4\Smallram\.lake\build\ir\FewInflection\TargetSnapshot.c --setup E:\Lean 4\Smallram\.lake\build\ir\FewInflection\TargetSnapshot.setup.json --json
error: FewInflection/TargetSnapshot.lean:1:0: failed to read file 'E:\Lean 4\Sendov_conjecture_explicit_n0\.lake\packages\mathlib\.lake\build\lib\lean\Mathlib\Algebra\Ring\Subsemiring\Basic.olean'
✖ [3545/3601] Building FewInflection.PolynomialSpaces (6.1s)
trace: .> LEAN_PATH=E:\Lean 4\Sendov_conjecture_explicit_n0\.lake\packages\Cli\.lake\build\lib\lean;E:\Lean 4\Sendov_conjecture_explicit_n0\.lake\packages\batteries\.lake\build\lib\lean;E:\Lean 4\Sendov_conjecture_explicit_n0\.lake\packages\Qq\.lake\build\lib\lean;E:\Lean 4\Sendov_conjecture_explicit_n0\.lake\packages\aesop\.lake\build\lib\lean;E:\Lean 4\Sendov_conjecture_explicit_n0\.lake\packages\proofwidgets\.lake\build\lib\lean;E:\Lean 4\Sendov_conjecture_explicit_n0\.lake\packages\importGraph\.lake\build\lib\lean;E:\Lean 4\Sendov_conjecture_explicit_n0\.lake\packages\LeanSearchClient\.lake\build\lib\lean;E:\Lean 4\Sendov_conjecture_explicit_n0\.lake\packages\plausible\.lake\build\lib\lean;E:\Lean 4\Sendov_conjecture_explicit_n0\.lake\packages\mathlib\.lake\build\lib\lean;E:\Lean 4\Smallram\.lake\build\lib\lean c:\Users\HUAWEI\.elan\toolchains\leanprover--lean4---v4.34.0-rc1\bin\lean.exe E:\Lean 4\Smallram\FewInflection\PolynomialSpaces.lean -o E:\Lean 4\Smallram\.lake\build\lib\lean\FewInflection\PolynomialSpaces.olean -i E:\Lean 4\Smallram\.lake\build\lib\lean\FewInflection\PolynomialSpaces.ilean -c E:\Lean 4\Smallram\.lake\build\ir\FewInflection\PolynomialSpaces.c --setup E:\Lean 4\Smallram\.lake\build\ir\FewInflection\PolynomialSpaces.setup.json --json
error: FewInflection/PolynomialSpaces.lean:1:0: failed to read file 'E:\Lean 4\Sendov_conjecture_explicit_n0\.lake\packages\mathlib\.lake\build\lib\lean\Mathlib\LinearAlgebra\LinearIndependent\Lemmas.olean.private'
✖ [3547/3601] Building FewInflection.DerivativeMinors (6.1s)
trace: .> LEAN_PATH=E:\Lean 4\Sendov_conjecture_explicit_n0\.lake\packages\Cli\.lake\build\lib\lean;E:\Lean 4\Sendov_conjecture_explicit_n0\.lake\packages\batteries\.lake\build\lib\lean;E:\Lean 4\Sendov_conjecture_explicit_n0\.lake\packages\Qq\.lake\build\lib\lean;E:\Lean 4\Sendov_conjecture_explicit_n0\.lake\packages\aesop\.lake\build\lib\lean;E:\Lean 4\Sendov_conjecture_explicit_n0\.lake\packages\proofwidgets\.lake\build\lib\lean;E:\Lean 4\Sendov_conjecture_explicit_n0\.lake\packages\importGraph\.lake\build\lib\lean;E:\Lean 4\Sendov_conjecture_explicit_n0\.lake\packages\LeanSearchClient\.lake\build\lib\lean;E:\Lean 4\Sendov_conjecture_explicit_n0\.lake\packages\plausible\.lake\build\lib\lean;E:\Lean 4\Sendov_conjecture_explicit_n0\.lake\packages\mathlib\.lake\build\lib\lean;E:\Lean 4\Smallram\.lake\build\lib\lean c:\Users\HUAWEI\.elan\toolchains\leanprover--lean4---v4.34.0-rc1\bin\lean.exe E:\Lean 4\Smallram\FewInflection\DerivativeMinors.lean -o E:\Lean 4\Smallram\.lake\build\lib\lean\FewInflection\DerivativeMinors.olean -i E:\Lean 4\Smallram\.lake\build\lib\lean\FewInflection\DerivativeMinors.ilean -c E:\Lean 4\Smallram\.lake\build\ir\FewInflection\DerivativeMinors.c --setup E:\Lean 4\Smallram\.lake\build\ir\FewInflection\DerivativeMinors.setup.json --json
error: FewInflection/DerivativeMinors.lean:1:0: failed to read file 'E:\Lean 4\Sendov_conjecture_explicit_n0\.lake\packages\mathlib\.lake\build\lib\lean\Mathlib\Algebra\Module\Equiv\Defs.olean'
✖ [3549/3601] Building FewInflection.PluckerBounds (6.2s)
trace: .> LEAN_PATH=E:\Lean 4\Sendov_conjecture_explicit_n0\.lake\packages\Cli\.lake\build\lib\lean;E:\Lean 4\Sendov_conjecture_explicit_n0\.lake\packages\batteries\.lake\build\lib\lean;E:\Lean 4\Sendov_conjecture_explicit_n0\.lake\packages\Qq\.lake\build\lib\lean;E:\Lean 4\Sendov_conjecture_explicit_n0\.lake\packages\aesop\.lake\build\lib\lean;E:\Lean 4\Sendov_conjecture_explicit_n0\.lake\packages\proofwidgets\.lake\build\lib\lean;E:\Lean 4\Sendov_conjecture_explicit_n0\.lake\packages\importGraph\.lake\build\lib\lean;E:\Lean 4\Sendov_conjecture_explicit_n0\.lake\packages\LeanSearchClient\.lake\build\lib\lean;E:\Lean 4\Sendov_conjecture_explicit_n0\.lake\packages\plausible\.lake\build\lib\lean;E:\Lean 4\Sendov_conjecture_explicit_n0\.lake\packages\mathlib\.lake\build\lib\lean;E:\Lean 4\Smallram\.lake\build\lib\lean c:\Users\HUAWEI\.elan\toolchains\leanprover--lean4---v4.34.0-rc1\bin\lean.exe E:\Lean 4\Smallram\FewInflection\PluckerBounds.lean -o E:\Lean 4\Smallram\.lake\build\lib\lean\FewInflection\PluckerBounds.olean -i E:\Lean 4\Smallram\.lake\build\lib\lean\FewInflection\PluckerBounds.ilean -c E:\Lean 4\Smallram\.lake\build\ir\FewInflection\PluckerBounds.c --setup E:\Lean 4\Smallram\.lake\build\ir\FewInflection\PluckerBounds.setup.json --json
error: FewInflection/PluckerBounds.lean:1:0: failed to read file 'E:\Lean 4\Sendov_conjecture_explicit_n0\.lake\packages\mathlib\.lake\build\lib\lean\Mathlib\GroupTheory\QuotientGroup\Basic.olean'
✖ [3552/3601] Building FewInflection.MeasureConvergence (6.1s)
trace: .> LEAN_PATH=E:\Lean 4\Sendov_conjecture_explicit_n0\.lake\packages\Cli\.lake\build\lib\lean;E:\Lean 4\Sendov_conjecture_explicit_n0\.lake\packages\batteries\.lake\build\lib\lean;E:\Lean 4\Sendov_conjecture_explicit_n0\.lake\packages\Qq\.lake\build\lib\lean;E:\Lean 4\Sendov_conjecture_explicit_n0\.lake\packages\aesop\.lake\build\lib\lean;E:\Lean 4\Sendov_conjecture_explicit_n0\.lake\packages\proofwidgets\.lake\build\lib\lean;E:\Lean 4\Sendov_conjecture_explicit_n0\.lake\packages\importGraph\.lake\build\lib\lean;E:\Lean 4\Sendov_conjecture_explicit_n0\.lake\packages\LeanSearchClient\.lake\build\lib\lean;E:\Lean 4\Sendov_conjecture_explicit_n0\.lake\packages\plausible\.lake\build\lib\lean;E:\Lean 4\Sendov_conjecture_explicit_n0\.lake\packages\mathlib\.lake\build\lib\lean;E:\Lean 4\Smallram\.lake\build\lib\lean c:\Users\HUAWEI\.elan\toolchains\leanprover--lean4---v4.34.0-rc1\bin\lean.exe E:\Lean 4\Smallram\FewInflection\MeasureConvergence.lean -o E:\Lean 4\Smallram\.lake\build\lib\lean\FewInflection\MeasureConvergence.olean -i E:\Lean 4\Smallram\.lake\build\lib\lean\FewInflection\MeasureConvergence.ilean -c E:\Lean 4\Smallram\.lake\build\ir\FewInflection\MeasureConvergence.c --setup E:\Lean 4\Smallram\.lake\build\ir\FewInflection\MeasureConvergence.setup.json --json
error: FewInflection/MeasureConvergence.lean:1:0: failed to read file 'E:\Lean 4\Sendov_conjecture_explicit_n0\.lake\packages\mathlib\.lake\build\lib\lean\Mathlib\Tactic\Linarith\Verification.olean.private'
✖ [3559/3601] Building FewInflection.Nevanlinna.CountingBounds (6.5s)
trace: .> LEAN_PATH=E:\Lean 4\Sendov_conjecture_explicit_n0\.lake\packages\Cli\.lake\build\lib\lean;E:\Lean 4\Sendov_conjecture_explicit_n0\.lake\packages\batteries\.lake\build\lib\lean;E:\Lean 4\Sendov_conjecture_explicit_n0\.lake\packages\Qq\.lake\build\lib\lean;E:\Lean 4\Sendov_conjecture_explicit_n0\.lake\packages\aesop\.lake\build\lib\lean;E:\Lean 4\Sendov_conjecture_explicit_n0\.lake\packages\proofwidgets\.lake\build\lib\lean;E:\Lean 4\Sendov_conjecture_explicit_n0\.lake\packages\importGraph\.lake\build\lib\lean;E:\Lean 4\Sendov_conjecture_explicit_n0\.lake\packages\LeanSearchClient\.lake\build\lib\lean;E:\Lean 4\Sendov_conjecture_explicit_n0\.lake\packages\plausible\.lake\build\lib\lean;E:\Lean 4\Sendov_conjecture_explicit_n0\.lake\packages\mathlib\.lake\build\lib\lean;E:\Lean 4\Smallram\.lake\build\lib\lean c:\Users\HUAWEI\.elan\toolchains\leanprover--lean4---v4.34.0-rc1\bin\lean.exe E:\Lean 4\Smallram\FewInflection\Nevanlinna\CountingBounds.lean -o E:\Lean 4\Smallram\.lake\build\lib\lean\FewInflection\Nevanlinna\CountingBounds.olean -i E:\Lean 4\Smallram\.lake\build\lib\lean\FewInflection\Nevanlinna\CountingBounds.ilean -c E:\Lean 4\Smallram\.lake\build\ir\FewInflection\Nevanlinna\CountingBounds.c --setup E:\Lean 4\Smallram\.lake\build\ir\FewInflection\Nevanlinna\CountingBounds.setup.json --json
error: FewInflection/Nevanlinna/CountingBounds.lean:1:0: failed to read file 'E:\Lean 4\Sendov_conjecture_explicit_n0\.lake\packages\mathlib\.lake\build\lib\lean\Mathlib\Analysis\Calculus\FDeriv\Analytic.olean.private'
✖ [3564/3601] Building FewInflection.WronskianRegularity (6.5s)
trace: .> LEAN_PATH=E:\Lean 4\Sendov_conjecture_explicit_n0\.lake\packages\Cli\.lake\build\lib\lean;E:\Lean 4\Sendov_conjecture_explicit_n0\.lake\packages\batteries\.lake\build\lib\lean;E:\Lean 4\Sendov_conjecture_explicit_n0\.lake\packages\Qq\.lake\build\lib\lean;E:\Lean 4\Sendov_conjecture_explicit_n0\.lake\packages\aesop\.lake\build\lib\lean;E:\Lean 4\Sendov_conjecture_explicit_n0\.lake\packages\proofwidgets\.lake\build\lib\lean;E:\Lean 4\Sendov_conjecture_explicit_n0\.lake\packages\importGraph\.lake\build\lib\lean;E:\Lean 4\Sendov_conjecture_explicit_n0\.lake\packages\LeanSearchClient\.lake\build\lib\lean;E:\Lean 4\Sendov_conjecture_explicit_n0\.lake\packages\plausible\.lake\build\lib\lean;E:\Lean 4\Sendov_conjecture_explicit_n0\.lake\packages\mathlib\.lake\build\lib\lean;E:\Lean 4\Smallram\.lake\build\lib\lean c:\Users\HUAWEI\.elan\toolchains\leanprover--lean4---v4.34.0-rc1\bin\lean.exe E:\Lean 4\Smallram\FewInflection\WronskianRegularity.lean -o E:\Lean 4\Smallram\.lake\build\lib\lean\FewInflection\WronskianRegularity.olean -i E:\Lean 4\Smallram\.lake\build\lib\lean\FewInflection\WronskianRegularity.ilean -c E:\Lean 4\Smallram\.lake\build\ir\FewInflection\WronskianRegularity.c --setup E:\Lean 4\Smallram\.lake\build\ir\FewInflection\WronskianRegularity.setup.json --json
error: FewInflection/WronskianRegularity.lean:1:0: failed to read file 'E:\Lean 4\Sendov_conjecture_explicit_n0\.lake\packages\mathlib\.lake\build\lib\lean\Mathlib\GroupTheory\MonoidLocalization\Maps.olean.private'
⚠ [3576/3601] Built FewInflection.Nevanlinna.PoissonLogFactor (16s)
warning: FewInflection/Nevanlinna/PoissonLogFactor.lean:48:2: Try this: 
  letI̵

The goal is a proposition, so `let` is preferred over `letI`.
The difference between `let` and `letI` is that `letI` inlines the value.
But this is not relevant for proofs because of proof irrelevance.

Note: This linter can be disabled with `set_option linter.style.haveILetI false`
⚠ [3577/3601] Built FewInflection.GaugeTranscendental (19s)
warning: FewInflection/GaugeTranscendental.lean:28:31: `Polynomial.eval_finset_sum` has been deprecated: Use `Polynomial.eval_finsetSum` instead
ℹ [3578/3601] Built FewInflection.AffineDilation (19s)
info: FewInflection/AffineDilation.lean:116:6: Try this:
  [apply] ring_nf
  
  The `ring` tactic failed to close the goal. Use `ring_nf` to obtain a normal form.
    
  Note that `ring` works primarily in *commutative* rings. If you have a noncommutative ring, abelian group or module, consider using `noncomm_ring`, `abel` or `module` instead.
info: FewInflection/AffineDilation.lean:126:2: Try this:
  [apply] ring_nf
  
  The `ring` tactic failed to close the goal. Use `ring_nf` to obtain a normal form.
    
  Note that `ring` works primarily in *commutative* rings. If you have a noncommutative ring, abelian group or module, consider using `noncomm_ring`, `abel` or `module` instead.
info: FewInflection/AffineDilation.lean:172:6: Try this:
  [apply] ring_nf
  
  The `ring` tactic failed to close the goal. Use `ring_nf` to obtain a normal form.
    
  Note that `ring` works primarily in *commutative* rings. If you have a noncommutative ring, abelian group or module, consider using `noncomm_ring`, `abel` or `module` instead.
⚠ [3584/3601] Built FewInflection.ScalarWronskian (19s)
warning: FewInflection/ScalarWronskian.lean:33:8: `if_pos` has been deprecated: Use `ite_eq_left` instead
✔ [3591/3601] Built FewInflection.MatrixGaugeBounds (20s)
✔ [3594/3601] Built FewInflection.Nevanlinna.PoissonJensenDerivative (14s)
Some required targets logged failures:
- FewInflection.ScalarGauge
- FewInflection.TargetSnapshot
- FewInflection.PolynomialSpaces
- FewInflection.DerivativeMinors
- FewInflection.PluckerBounds
- FewInflection.MeasureConvergence
- FewInflection.Nevanlinna.CountingBounds
- FewInflection.WronskianRegularity
error: build failed
