AUDIT PASSED: 8799 declarations, including 7661 theorem declarations.
Actual logical dependencies: [Quot.sound, Classical.choice, propext].
'FewInflection.fundamental_last_coefficient_eq_neg_deriv_div' depends on axioms: [propext, Classical.choice, Quot.sound]
'FewInflection.exists_canonical_gauge' depends on axioms: [propext, Classical.choice, Quot.sound]
'FewInflection.quotient_characteristic_le_curve' depends on axioms: [propext, Classical.choice, Quot.sound]
'ModifiedCartan.characteristic_abs_sub_le' depends on axioms: [propext, Classical.choice, Quot.sound]
'ModifiedCartan.Paper.eq_zerojensen' depends on axioms: [propext, Classical.choice, Quot.sound]
'ModifiedCartan.Paper.eq_countbound' depends on axioms: [propext, Classical.choice, Quot.sound]
'ModifiedCartan.Paper.eq_quotientbound' depends on axioms: [propext, Classical.choice, Quot.sound]
'ModifiedCartan.Paper.eq_zero_count_definition' depends on axioms: [propext, Classical.choice, Quot.sound]
'ModifiedCartan.ramification_eq_integralZeroCounting' depends on axioms: [propext, Classical.choice, Quot.sound]
'ModifiedCartan.characteristic_nonneg' depends on axioms: [propext, Classical.choice, Quot.sound]
'ModifiedCartan.Paper.lem_fundamental_operator' depends on axioms: [propext, Classical.choice, Quot.sound]
'ModifiedCartan.canonical_gauge_coefficients_independent' depends on axioms: [propext, Classical.choice, Quot.sound]
'ModifiedCartan.canonicalCoefficient_eq_normalized' depends on axioms: [propext, Classical.choice, Quot.sound]
'ModifiedCartan.meromorphicAt_canonicalCoefficient' depends on axioms: [propext, Classical.choice, Quot.sound]
'ModifiedCartan.canonicalCoefficient_last_eq_zero' depends on axioms: [propext, Classical.choice, Quot.sound]
'ModifiedCartan.canonicalCoefficient_scalar_mul' depends on axioms: [propext, Classical.choice, Quot.sound]
'ModifiedCartan.canonicalCoefficient_matrix' depends on axioms: [propext, Classical.choice, Quot.sound]
'ModifiedCartan.Paper.eq_scalecoeff' depends on axioms: [propext, Classical.choice, Quot.sound]
'ModifiedCartan.Paper.lem_canonical_gauge' depends on axioms: [propext, Classical.choice, Quot.sound]
'ModifiedCartan.curve_wronskian_nontrivial' depends on axioms: [propext, Classical.choice, Quot.sound]
'ModifiedCartan.linear_relation_of_wronskian_eq_zero' depends on axioms: [propext, Classical.choice, Quot.sound]
'ModifiedCartan.LocalLpConvergence.inMeasure' depends on axioms: [propext, Classical.choice, Quot.sound]
'ModifiedCartan.LocalLpConvergence.compactlySupported_test_integral' depends on axioms: [propext,
 Classical.choice,
 Quot.sound]
'ModifiedCartan.memLp_cauchyKernel_on_compact' depends on axioms: [propext, Classical.choice, Quot.sound]
'ModifiedCartan.integral_norm_neg_rpow_tendsto_zero' depends on axioms: [propext, Classical.choice, Quot.sound]
'ModifiedCartan.integrableOn_log_norm_on_compact' depends on axioms: [propext, Classical.choice, Quot.sound]
'ModifiedCartan.memLp_logKernel_on_compact' depends on axioms: [propext, Classical.choice, Quot.sound]
'ModifiedCartan.integral_shifted_norm_neg_rpow_exact' depends on axioms: [propext, Classical.choice, Quot.sound]
'ModifiedCartan.eLpNorm_sum_nearCauchyKernel_le' depends on axioms: [propext, Classical.choice, Quot.sound]
'ModifiedCartan.uniform_cauchy_truncation' depends on axioms: [propext, Classical.choice, Quot.sound]
'ModifiedCartan.LocalMeasureConvergence.exists_seq_tendsto_ae' depends on axioms: [propext,
 Classical.choice,
 Quot.sound]
'ModifiedCartan.LocalLpConvergence.exists_seq_tendsto_ae' depends on axioms: [propext, Classical.choice, Quot.sound]
'ModifiedCartan.memLp_logDeriv_on_compact' depends on axioms: [propext, Classical.choice, Quot.sound]
'ModifiedCartan.memLp_log_norm_on_compact' depends on axioms: [propext, Classical.choice, Quot.sound]
'ModifiedCartan.eLpNorm_integral_finite_le' depends on axioms: [propext, Classical.choice, Quot.sound]
'ModifiedCartan.eLpNorm_integral_nearCauchyKernel_le' depends on axioms: [propext, Classical.choice, Quot.sound]
'ModifiedCartan.ae_integrable_nearCauchyKernel' depends on axioms: [propext, Classical.choice, Quot.sound]
'ModifiedCartan.uniform_cauchy_truncation_measures' depends on axioms: [propext, Classical.choice, Quot.sound]
'ModifiedCartan.ae_integrable_cauchyKernel' depends on axioms: [propext, Classical.choice, Quot.sound]
'ModifiedCartan.eLpNorm_cauchyTransform_sub_regularized_le' depends on axioms: [propext, Classical.choice, Quot.sound]
'ModifiedCartan.memLp_cauchyTransform_on_compact' depends on axioms: [propext, Classical.choice, Quot.sound]
'ModifiedCartan.cauchyTransform_tendsto_eLpNorm' depends on axioms: [propext, Classical.choice, Quot.sound]
'ModifiedCartan.cauchyTransform_localLpConvergence' depends on axioms: [propext, Classical.choice, Quot.sound]
'ModifiedCartan.eLpNorm_cappedLogPotential_sub_regularized_le' depends on axioms: [propext,
 Classical.choice,
 Quot.sound]
'ModifiedCartan.memLp_cappedLogPotential_on_compact' depends on axioms: [propext, Classical.choice, Quot.sound]
'ModifiedCartan.ae_mem_closed_of_weak_tendsto' depends on axioms: [propext, Classical.choice, Quot.sound]
'ModifiedCartan.logPotential_localL1Convergence' depends on axioms: [propext, Classical.choice, Quot.sound]
'ModifiedCartan.integral_logKernel_mul_fderiv_one' depends on axioms: [propext, Classical.choice, Quot.sound]
'ModifiedCartan.integral_logKernel_mul_fderiv_I' depends on axioms: [propext, Classical.choice, Quot.sound]
'ModifiedCartan.integrable_prod_logKernel_mul_test' depends on axioms: [propext, Classical.choice, Quot.sound]
'ModifiedCartan.integrable_prod_test_smul_cauchyKernel' depends on axioms: [propext, Classical.choice, Quot.sound]
'ModifiedCartan.integral_logPotential_mul_fderiv_one' depends on axioms: [propext, Classical.choice, Quot.sound]
'ModifiedCartan.integral_logPotential_mul_fderiv_I' depends on axioms: [propext, Classical.choice, Quot.sound]
'ModifiedCartan.memLp_logPotential_of_pos' depends on axioms: [propext, Classical.choice, Quot.sound]
'ModifiedCartan.logPotential_hasWeakComplexGradient' depends on axioms: [propext, Classical.choice, Quot.sound]
'ModifiedCartan.logPotential_memW1pLoc' depends on axioms: [propext, Classical.choice, Quot.sound]
'ModifiedCartan.HasWeakComplexGradient.of_localL1_limit' depends on axioms: [propext, Classical.choice, Quot.sound]
'ModifiedCartan.integral_logGradientPair' depends on axioms: [propext, Classical.choice, Quot.sound]
'ModifiedCartan.integral_logKernel_mul_laplacian' depends on axioms: [propext, Classical.choice, Quot.sound]
'ModifiedCartan.integral_logPotential_mul_laplacian' depends on axioms: [propext, Classical.choice, Quot.sound]
'ModifiedCartan.integral_harmonic_mul_laplacian_test' depends on axioms: [propext, Classical.choice, Quot.sound]
'ModifiedCartan.LocalLpConvergence.laplacian_test_integral' depends on axioms: [propext, Classical.choice, Quot.sound]
'ModifiedCartan.integral_logNorm_mul_laplacian_eq_divisor' depends on axioms: [propext, Classical.choice, Quot.sound]
'ModifiedCartan.integral_logNorm_mul_laplacian_on_ball' depends on axioms: [propext, Classical.choice, Quot.sound]
'ModifiedCartan.logNorm_eq_logPotential_add_harmonic_on_ball' depends on axioms: [propext, Classical.choice, Quot.sound]
'ModifiedCartan.exists_smooth_disk_cutoff' depends on axioms: [propext, Classical.choice, Quot.sound]
'ModifiedCartan.localizedZeroMeasure_mass_eq' depends on axioms: [propext, Classical.choice, Quot.sound]
'ModifiedCartan.LocalLpConvergence.localizedZeroMeasure_mass_tendsto' depends on axioms: [propext,
 Classical.choice,
 Quot.sound]
'ModifiedCartan.LocalLpConvergence.localizedZeroMeasure_mass_bounded' depends on axioms: [propext,
 Classical.choice,
 Quot.sound]
'ModifiedCartan.finiteMeasure_tendsto_subseq_of_compact_support' depends on axioms: [propext,
 Classical.choice,
 Quot.sound]
'ModifiedCartan.LocalLpConvergence.localizedZeroMeasure_tendsto_subseq' depends on axioms: [propext,
 Classical.choice,
 Quot.sound]
'ModifiedCartan.LocalLpConvergence.localizedZeroMeasure_potentials_subseq' depends on axioms: [propext,
 Classical.choice,
 Quot.sound]
'ModifiedCartan.logNorm_eq_localized_potential_add_harmonic' depends on axioms: [propext, Classical.choice, Quot.sound]
'ModifiedCartan.integral_radial_mul_harmonic' depends on axioms: [propext, Classical.choice, Quot.sound]
'ModifiedCartan.radialKernel_contDiff' depends on axioms: [propext, Classical.choice, Quot.sound]
'ModifiedCartan.radialKernel_integral' depends on axioms: [propext, Classical.choice, Quot.sound]
'ModifiedCartan.scalarConvolution_radialKernel_eq' depends on axioms: [propext, Classical.choice, Quot.sound]
'ModifiedCartan.scalarConvolution_tendstoUniformly' depends on axioms: [propext, Classical.choice, Quot.sound]
'ModifiedCartan.scalarConvolution_fderiv_tendstoUniformly' depends on axioms: [propext, Classical.choice, Quot.sound]
'ModifiedCartan.scalarConvolution_laplacian_tendsto' depends on axioms: [propext, Classical.choice, Quot.sound]
'ModifiedCartan.LocalLpConvergence.sub' depends on axioms: [propext, Classical.choice, Quot.sound]
'ModifiedCartan.LocalLpConvergence.congr_ae' depends on axioms: [propext, Classical.choice, Quot.sound]
'ModifiedCartan.LocalLpConvergence.integral_norm_sub_tendsto_zero' depends on axioms: [propext,
 Classical.choice,
 Quot.sound]
'ModifiedCartan.LocalLpConvergence.harmonic_representative_on_interior' depends on axioms: [propext,
 Classical.choice,
 Quot.sound]
'ModifiedCartan.LocalLpConvergence.harmonic_representative_on_ball' depends on axioms: [propext,
 Classical.choice,
 Quot.sound]
'ModifiedCartan.LocalLpConvergence.log_limit_representation_on_ball' depends on axioms: [propext,
 Classical.choice,
 Quot.sound]
'ModifiedCartan.LocalLpConvergence.exists_log_potential_harmonic_on_ball' depends on axioms: [propext,
 Classical.choice,
 Quot.sound]
'ModifiedCartan.contDiff_hasWeakComplexGradient' depends on axioms: [propext, Classical.choice, Quot.sound]
'ModifiedCartan.MemW1pLoc.congr_ae' depends on axioms: [propext, Classical.choice, Quot.sound]
'ModifiedCartan.HasWeakComplexGradient.add' depends on axioms: [propext, Classical.choice, Quot.sound]
'ModifiedCartan.LocalLpConvergence.log_limit_memW1pLoc_on_ball' depends on axioms: [propext,
 Classical.choice,
 Quot.sound]
'ModifiedCartan.HasWeakComplexGradient.unique' depends on axioms: [propext, Classical.choice, Quot.sound]
'ModifiedCartan.scalarConvolution_iteratedFDeriv_tendstoUniformly' depends on axioms: [propext,
 Classical.choice,
 Quot.sound]
'ModifiedCartan.LocalLpConvergence.harmonic_representative_all_derivatives_on_ball' depends on axioms: [propext,
 Classical.choice,
 Quot.sound]
'ModifiedCartan.LocalLpConvergence.log_limit_locally_memW1pLoc' depends on axioms: [propext,
 Classical.choice,
 Quot.sound]
'ModifiedCartan.exists_finite_smooth_test_decomposition' depends on axioms: [propext, Classical.choice, Quot.sound]
'ModifiedCartan.HasWeakComplexGradient.of_locally' depends on axioms: [propext, Classical.choice, Quot.sound]
'ModifiedCartan.MemW1pLoc.of_locally' depends on axioms: [propext, Classical.choice, Quot.sound]
'ModifiedCartan.LocalLpConvergence.log_limit_memW1pLoc' depends on axioms: [propext, Classical.choice, Quot.sound]
'ModifiedCartan.LocalLpConvergence.log_limit_weak_gradient' depends on axioms: [propext, Classical.choice, Quot.sound]
'ModifiedCartan.localLpConvergence_of_tendstoUniformlyOn' depends on axioms: [propext, Classical.choice, Quot.sound]
'ModifiedCartan.localLpConvergence_of_subseq' depends on axioms: [propext, Classical.choice, Quot.sound]
'ModifiedCartan.classicalComplexGradient_log_norm' depends on axioms: [propext, Classical.choice, Quot.sound]
'ModifiedCartan.contDiffOn_hasWeakComplexGradient' depends on axioms: [propext, Classical.choice, Quot.sound]
'ModifiedCartan.HasWeakComplexGradient.const_mul' depends on axioms: [propext, Classical.choice, Quot.sound]
'ModifiedCartan.logNorm_hasWeakComplexGradient' depends on axioms: [propext, Classical.choice, Quot.sound]
'ModifiedCartan.harmonicGradient_localLpConvergence' depends on axioms: [propext, Classical.choice, Quot.sound]
'ModifiedCartan.localLpConvergence_of_locally' depends on axioms: [propext, Classical.choice, Quot.sound]
'ModifiedCartan.LocalLpConvergence.logDeriv_subseq_on_ball' depends on axioms: [propext, Classical.choice, Quot.sound]
'ModifiedCartan.LocalLpConvergence.logDeriv_localLpConvergence' depends on axioms: [propext,
 Classical.choice,
 Quot.sound]
'ModifiedCartan.Paper.eq_first_logderiv_limit' depends on axioms: [propext, Classical.choice, Quot.sound]
'ModifiedCartan.tendstoInMeasure_continuous_map₂' depends on axioms: [propext, Classical.choice, Quot.sound]
'ModifiedCartan.LocalMeasureConvergence.continuous_map₂' depends on axioms: [propext, Classical.choice, Quot.sound]
'ModifiedCartan.integral_norm_weighted_poles_rpow_le' depends on axioms: [propext, Classical.choice, Quot.sound]
'ModifiedCartan.harmonicGradient_iteratedDeriv_tendsto' depends on axioms: [propext, Classical.choice, Quot.sound]
'ModifiedCartan.iteratedDeriv_eqOn_of_ae_eq' depends on axioms: [propext, Classical.choice, Quot.sound]
'ModifiedCartan.LocalLpConvergence.zero_fractional_mass_bounded' depends on axioms: [propext,
 Classical.choice,
 Quot.sound]
'ModifiedCartan.cauchyTransform_localizedZeroMeasure' depends on axioms: [propext, Classical.choice, Quot.sound]
'ModifiedCartan.iteratedDeriv_finite_cauchy_sum' depends on axioms: [propext, Classical.choice, Quot.sound]
'ModifiedCartan.normalized_weighted_poles_tendstoInMeasure' depends on axioms: [propext, Classical.choice, Quot.sound]
'ModifiedCartan.normalized_iterated_logDeriv_singular_ae' depends on axioms: [propext, Classical.choice, Quot.sound]
'ModifiedCartan.localMeasureConvergence_of_locally' depends on axioms: [propext, Classical.choice, Quot.sound]
'ModifiedCartan.uniform_diverging_scale_tendstoInMeasure' depends on axioms: [propext, Classical.choice, Quot.sound]
'ModifiedCartan.LocalLpConvergence.higher_logDeriv_subseq_on_ball' depends on axioms: [propext,
 Classical.choice,
 Quot.sound]
'ModifiedCartan.Paper.eq_higher_logderiv_measure' depends on axioms: [propext, Classical.choice, Quot.sound]
'ModifiedCartan.tendstoInMeasure_finsetProd' depends on axioms: [propext, Classical.choice, Quot.sound]
'ModifiedCartan.tendstoInMeasure_finsetSum' depends on axioms: [propext, Classical.choice, Quot.sound]
'ModifiedCartan.iteratedDeriv_div_eq_partition' depends on axioms: [propext, Classical.choice, Quot.sound]
'ModifiedCartan.partitionPolynomial_constant_jet' depends on axioms: [propext, Classical.choice, Quot.sound]
'ModifiedCartan.normalized_iteratedDeriv_eq_partition' depends on axioms: [propext, Classical.choice, Quot.sound]
'ModifiedCartan.LocalLpConvergence.iteratedDeriv_div_localMeasure' depends on axioms: [propext,
 Classical.choice,
 Quot.sound]
'ModifiedCartan.Paper.lem_logderivlimit' depends on axioms: [propext, Classical.choice, Quot.sound]
'ModifiedCartan.LocalERealLpConvergence.normalizedLog_nontrivial' depends on axioms: [propext,
 Classical.choice,
 Quot.sound]
'ModifiedCartan.LocalERealMeasureConvergence.normalizedLog_eventually_nontrivial' depends on axioms: [propext,
 Classical.choice,
 Quot.sound]
'ModifiedCartan.normalizedWronskian_eq_div' depends on axioms: [propext, Classical.choice, Quot.sound]
'ModifiedCartan.normalizedWronskian_localMeasure' depends on axioms: [propext, Classical.choice, Quot.sound]
'ModifiedCartan.tendstoInMeasure_scaled_logPlus' depends on axioms: [propext, Classical.choice, Quot.sound]
'ModifiedCartan.LocalLpConvergence.real_sum_localMeasure' depends on axioms: [propext, Classical.choice, Quot.sound]
'ModifiedCartan.wronskian_log_sum_lower_bound' depends on axioms: [propext, Classical.choice, Quot.sound]
'ModifiedCartan.Paper.lem_sum' depends on axioms: [propext, Classical.choice, Quot.sound]
'ModifiedCartan.Paper.eq_sandwich' depends on axioms: [propext, Classical.choice, Quot.sound]
'ModifiedCartan.IsSubharmonicOn.ae_finite_on_ball' depends on axioms: [propext, Classical.choice, Quot.sound]
'ModifiedCartan.IsSubharmonicOn.integrableOn_toReal_ball' depends on axioms: [propext, Classical.choice, Quot.sound]
'ModifiedCartan.IsSubharmonicOn.ae_finite' depends on axioms: [propext, Classical.choice, Quot.sound]
'ModifiedCartan.IsSubharmonicOn.locallyIntegrableOn_toReal' depends on axioms: [propext, Classical.choice, Quot.sound]
'ModifiedCartan.IsSubharmonicOn.le_diskAverage' depends on axioms: [propext, Classical.choice, Quot.sound]
'ModifiedCartan.IsSubharmonicOn.le_diskAverage_of_ae_eq' depends on axioms: [propext, Classical.choice, Quot.sound]
'ModifiedCartan.Paper.lem_subharmonic_compactness_upper_bound' depends on axioms: [propext,
 Classical.choice,
 Quot.sound]
'ModifiedCartan.IsSubharmonicOn.le_of_ae_le_upperSemicontinuous' depends on axioms: [propext,
 Classical.choice,
 Quot.sound]
'ModifiedCartan.IsSubharmonicOn.eqOn_of_ae_eq' depends on axioms: [propext, Classical.choice, Quot.sound]
'ModifiedCartan.IsSubharmonicOn.integral_norm_le_of_lower_anchor' depends on axioms: [propext,
 Classical.choice,
 Quot.sound]
'ModifiedCartan.IsSubharmonicOn.l1_bound_of_anchor_in_ball' depends on axioms: [propext, Classical.choice, Quot.sound]
'ModifiedCartan.subharmonic_exists_subsequence_one_disk_l1_bound' depends on axioms: [propext,
 Classical.choice,
 Quot.sound]
'ModifiedCartan.subharmonic_uniform_l1_locally_of_one_open_set' depends on axioms: [propext,
 Classical.choice,
 Quot.sound]
'ModifiedCartan.subharmonic_uniform_l1_on_compacts_of_one_open_set' depends on axioms: [propext,
 Classical.choice,
 Quot.sound]
'ModifiedCartan.subharmonic_collapse_or_l1_bounded_subsequence' depends on axioms: [propext,
 Classical.choice,
 Quot.sound]
'ModifiedCartan.norm_diskAverage_sub_le' depends on axioms: [propext, Classical.choice, Quot.sound]
'ModifiedCartan.LocalLpConvergence.diskAverage_tendstoUniformlyOn' depends on axioms: [propext,
 Classical.choice,
 Quot.sound]
'ModifiedCartan.diskAverage_eq_scalarConvolution' depends on axioms: [propext, Classical.choice, Quot.sound]
'ModifiedCartan.integral_diskAverage' depends on axioms: [propext, Classical.choice, Quot.sound]
'ModifiedCartan.integral_mul_diskAverage' depends on axioms: [propext, Classical.choice, Quot.sound]
'ModifiedCartan.norm_diskAverage_le_of_bound' depends on axioms: [propext, Classical.choice, Quot.sound]
'ModifiedCartan.lipschitz_norm_diskAverage_twice_sub_le' depends on axioms: [propext, Classical.choice, Quot.sound]
'ModifiedCartan.integral_mul_diskAverage_twice' depends on axioms: [propext, Classical.choice, Quot.sound]
'ModifiedCartan.norm_integral_mul_diskAverage_twice_sub_le' depends on axioms: [propext, Classical.choice, Quot.sound]
'ModifiedCartan.norm_disk_integral_sub_le' depends on axioms: [propext, Classical.choice, Quot.sound]
'ModifiedCartan.diskAverage_twice_lipschitzWith' depends on axioms: [propext, Classical.choice, Quot.sound]
'ModifiedCartan.integral_norm_diskAverage_twice_sub_le' depends on axioms: [propext, Classical.choice, Quot.sound]
'ModifiedCartan.IsSubharmonicOn.toReal_le_diskAverage_twice' depends on axioms: [propext, Classical.choice, Quot.sound]
'ModifiedCartan.exists_lipschitz_cutoff' depends on axioms: [propext, Classical.choice, Quot.sound]
'ModifiedCartan.subharmonic_uniform_averaging_approximation_on_disk' depends on axioms: [propext,
 Classical.choice,
 Quot.sound]
'ModifiedCartan.exists_uniformly_convergent_subsequence_of_lipschitz' depends on axioms: [propext,
 Classical.choice,
 Quot.sound]
'ModifiedCartan.totallyBounded_range_of_uniform_approximation' depends on axioms: [propext,
 Classical.choice,
 Quot.sound]
'ModifiedCartan.totallyBounded_of_cauchy_subsequences' depends on axioms: [propext, Classical.choice, Quot.sound]
'ModifiedCartan.uniformCauchySeqOn_toL1' depends on axioms: [propext, Classical.choice, Quot.sound]
'ModifiedCartan.totallyBounded_l1_range_diskAverage_twice' depends on axioms: [propext, Classical.choice, Quot.sound]
'ModifiedCartan.subharmonic_l1_subsequence_on_disk' depends on axioms: [propext, Classical.choice, Quot.sound]
'ModifiedCartan.exists_common_l1_subsequence' depends on axioms: [propext, Classical.choice, Quot.sound]
'ModifiedCartan.exists_localL1_limit_of_countable_cover' depends on axioms: [propext, Classical.choice, Quot.sound]
'ModifiedCartan.subharmonic_localL1_subsequence' depends on axioms: [propext, Classical.choice, Quot.sound]
'ModifiedCartan.exists_compact_disk_neighborhood' depends on axioms: [propext, Classical.choice, Quot.sound]
'ModifiedCartan.continuous_diskAverage' depends on axioms: [propext, Classical.choice, Quot.sound]
'ModifiedCartan.continuousAt_diskAverage_of_locallyIntegrableOn' depends on axioms: [propext,
 Classical.choice,
 Quot.sound]
'ModifiedCartan.ae_tendsto_diskAverage_of_locallyIntegrableOn' depends on axioms: [propext,
 Classical.choice,
 Quot.sound]
'ModifiedCartan.upperSemicontinuousOn_submeanEnvelope' depends on axioms: [propext, Classical.choice, Quot.sound]
'ModifiedCartan.ae_le_diskAverage_of_subharmonic_limit' depends on axioms: [propext, Classical.choice, Quot.sound]
'ModifiedCartan.isSubharmonicOn_of_real_disk_means' depends on axioms: [propext, Classical.choice, Quot.sound]
'ModifiedCartan.submeanEnvelope_ae_eq' depends on axioms: [propext, Classical.choice, Quot.sound]
'ModifiedCartan.exists_nontrivial_subharmonic_representative_of_localL1_limit' depends on axioms: [propext,
 Classical.choice,
 Quot.sound]
'ModifiedCartan.Paper.lem_subharmonic_compactness' depends on axioms: [propext, Classical.choice, Quot.sound]
'ModifiedCartan.Paper.lem_subharmonic_compactness_upper_bound' depends on axioms: [propext,
 Classical.choice,
 Quot.sound]
'ModifiedCartan.derivative_polynomialDerivativeMinor' depends on axioms: [propext, Classical.choice, Quot.sound]
'ModifiedCartan.rowLen_addPartitionBox' depends on axioms: [propext, Classical.choice, Quot.sound]
'ModifiedCartan.derivative_partitionPolynomialMinor' depends on axioms: [propext, Classical.choice, Quot.sound]
'ModifiedCartan.partitionSize_eq_sum_rowLen' depends on axioms: [propext, Classical.choice, Quot.sound]
'ModifiedCartan.strictMono_skew_iff_row_column' depends on axioms: [propext, Classical.choice, Quot.sound]
'ModifiedCartan.standardSkewTableauCount_self' depends on axioms: [propext, Classical.choice, Quot.sound]
'ModifiedCartan.StandardSkewTableau.firstBox_addable' depends on axioms: [propext, Classical.choice, Quot.sound]
'ModifiedCartan.iterate_derivative_partitionPolynomialMinor' depends on axioms: [propext, Classical.choice, Quot.sound]
'ModifiedCartan.StandardSkewTableau.initialDiagramCells_isLowerSet' depends on axioms: [propext,
 Classical.choice,
 Quot.sound]
'ModifiedCartan.StandardSkewTableau.initialDiagram_succ_at_label' depends on axioms: [propext,
 Classical.choice,
 Quot.sound]
'ModifiedCartan.minorGrowthBoxes_index_le_of_le' depends on axioms: [propext, Classical.choice, Quot.sound]
'ModifiedCartan.minorGrowthTableau_label' depends on axioms: [propext, Classical.choice, Quot.sound]
'ModifiedCartan.skewCells_card_addPartitionBox' depends on axioms: [propext, Classical.choice, Quot.sound]
'ModifiedCartan.StandardSkewTableau.tailTableau_label' depends on axioms: [propext, Classical.choice, Quot.sound]
'ModifiedCartan.StandardSkewTableau.prependTableau_first_label' depends on axioms: [propext,
 Classical.choice,
 Quot.sound]
'ModifiedCartan.StandardSkewTableau.firstBoxEquiv' depends on axioms: [propext, Classical.choice, Quot.sound]
'ModifiedCartan.StandardSkewTableau.firstAddition_eq_iff_label_zero' depends on axioms: [propext,
 Classical.choice,
 Quot.sound]
'ModifiedCartan.standardSkewTableauCount_rec' depends on axioms: [propext, Classical.choice, Quot.sound]
'ModifiedCartan.legalMinorRowSkewAdditionEquiv' depends on axioms: [propext, Classical.choice, Quot.sound]
'ModifiedCartan.minorGrowthCount_succ' depends on axioms: [propext, Classical.choice, Quot.sound]
'ModifiedCartan.minorGrowthCount_eq_standardSkewTableauCount' depends on axioms: [propext, Classical.choice, Quot.sound]
'ModifiedCartan.exists_order_above_permuted_bound' depends on axioms: [propext, Classical.choice, Quot.sound]
'ModifiedCartan.iterate_derivative_partitionPolynomialMinor_tableaux' depends on axioms: [propext,
 Classical.choice,
 Quot.sound]
'ModifiedCartan.partitionPolynomialMinor_eq_zero_of_not_le' depends on axioms: [propext, Classical.choice, Quot.sound]
'ModifiedCartan.partitionPolynomialMinor_natDegree_le' depends on axioms: [propext, Classical.choice, Quot.sound]
'ModifiedCartan.partitionPolynomialMinor_top_eval_ne_zero' depends on axioms: [propext, Classical.choice, Quot.sound]
'ModifiedCartan.standardSkewTableauCount_pos' depends on axioms: [propext, Classical.choice, Quot.sound]
'ModifiedCartan.iterate_derivative_partitionPolynomialMinor_subpartitions' depends on axioms: [propext,
 Classical.choice,
 Quot.sound]
'ModifiedCartan.partitionPolynomialMinor_translation' depends on axioms: [propext, Classical.choice, Quot.sound]
'ModifiedCartan.normalizedPartitionMinor_translation' depends on axioms: [propext, Classical.choice, Quot.sound]
'ModifiedCartan.partitionPolynomialMinor_basis_change' depends on axioms: [propext, Classical.choice, Quot.sound]
'ModifiedCartan.polynomialWronskian_natDegree_eq_partitionSize' depends on axioms: [propext,
 Classical.choice,
 Quot.sound]
'ModifiedCartan.normalizedSchubertCoordinate_eq_basis' depends on axioms: [propext, Classical.choice, Quot.sound]
'ModifiedCartan.Paper.lem_plucker_translation' depends on axioms: [propext, Classical.choice, Quot.sound]
'ModifiedCartan.characterWeightedOperator_commutes' depends on axioms: [propext, Classical.choice, Quot.sound]
'ModifiedCartan.characterWeightedOperator_on_irreducible' depends on axioms: [propext, Classical.choice, Quot.sound]
'ModifiedCartan.characterProjector_apply_intertwiner' depends on axioms: [propext, Classical.choice, Quot.sound]
'ModifiedCartan.linearMap_eq_zero_of_group_simples' depends on axioms: [propext, Classical.choice, Quot.sound]
'ModifiedCartan.characterProjector_fixed_on_isotypic' depends on axioms: [propext, Classical.choice, Quot.sound]
'ModifiedCartan.groupSubmoduleIntertwiner' depends on axioms: [propext, Classical.choice, Quot.sound]
'ModifiedCartan.groupSubmoduleRepresentationIrreducible' depends on axioms: [propext, Classical.choice, Quot.sound]
'ModifiedCartan.characterProjector_range_eq_isotypic' depends on axioms: [propext, Classical.choice, Quot.sound]
'ModifiedCartan.characterProjector_idempotent' depends on axioms: [propext, Classical.choice, Quot.sound]
'ModifiedCartan.characterProjector_preserves_orthogonal' depends on axioms: [propext, Classical.choice, Quot.sound]
'ModifiedCartan.characterProjector_eq_starProjection' depends on axioms: [propext, Classical.choice, Quot.sound]
'ModifiedCartan.representationIsotypic_eq_sum_copies' depends on axioms: [propext, Classical.choice, Quot.sound]
'ModifiedCartan.norm_characterWeightedOperator_expectation_le_card' depends on axioms: [propext,
 Classical.choice,
 Quot.sound]
'ModifiedCartan.Paper.lem_character_projection' depends on axioms: [propext, Classical.choice, Quot.sound]
'ModifiedCartan.permutation_character_expectation_bound' depends on axioms: [propext, Classical.choice, Quot.sound]
'ModifiedCartan.young_column_tabloid_injective' depends on axioms: [propext, Classical.choice, Quot.sound]
'ModifiedCartan.youngPolytabloid_ne_zero' depends on axioms: [propext, Classical.choice, Quot.sound]
'ModifiedCartan.youngPolytabloid_column_action' depends on axioms: [propext, Classical.choice, Quot.sound]
'ModifiedCartan.youngSpechtSubrepresentation_ne_bot' depends on axioms: [propext, Classical.choice, Quot.sound]
'ModifiedCartan.youngTabloidRows_injective' depends on axioms: [propext, Classical.choice, Quot.sound]
'ModifiedCartan.finset_nat_mem_lt_card_of_sum_eq' depends on axioms: [propext, Classical.choice, Quot.sound]
'ModifiedCartan.youngColumn_assignment_mem' depends on axioms: [propext, Classical.choice, Quot.sound]
'ModifiedCartan.youngTabloid_eq_column_of_injective' depends on axioms: [propext, Classical.choice, Quot.sound]
'ModifiedCartan.youngColumnAlternatingOperator_mul_column' depends on axioms: [propext, Classical.choice, Quot.sound]
'ModifiedCartan.youngColumnAlternatingOperator_kills_collision' depends on axioms: [propext,
 Classical.choice,
 Quot.sound]
'ModifiedCartan.youngColumnAlternatingOperator_range' depends on axioms: [propext, Classical.choice, Quot.sound]
'ModifiedCartan.youngTabloidRepresentation_unitary' depends on axioms: [propext, Classical.choice, Quot.sound]
'ModifiedCartan.youngColumnAlternatingOperator_inner' depends on axioms: [propext, Classical.choice, Quot.sound]
'ModifiedCartan.young_specht_submodule_theorem' depends on axioms: [propext, Classical.choice, Quot.sound]
'ModifiedCartan.youngSpechtRepresentation_irreducible' depends on axioms: [propext, Classical.choice, Quot.sound]
'ModifiedCartan.representation_irreducible_reindex' depends on axioms: [propext, Classical.choice, Quot.sound]
'ModifiedCartan.spechtRepresentation_irreducible' depends on axioms: [propext, Classical.choice, Quot.sound]
'ModifiedCartan.spechtRepresentation_unitary' depends on axioms: [propext, Classical.choice, Quot.sound]
'ModifiedCartan.standardYoungTableau_card' depends on axioms: [propext, Classical.choice, Quot.sound]
'ModifiedCartan.youngFillingPolytabloids_span' depends on axioms: [propext, Classical.choice, Quot.sound]
'ModifiedCartan.youngFillingPolytabloid_column' depends on axioms: [propext, Classical.choice, Quot.sound]
'ModifiedCartan.youngSortedColumnEquiv_strict' depends on axioms: [propext, Classical.choice, Quot.sound]
'ModifiedCartan.youngColumnSort_standard' depends on axioms: [propext, Classical.choice, Quot.sound]
'ModifiedCartan.youngColumnStandardPolytabloids_span' depends on axioms: [propext, Classical.choice, Quot.sound]
'ModifiedCartan.supportedPermutation_card' depends on axioms: [propext, Classical.choice, Quot.sound]
'ModifiedCartan.youngSubgroupAlternatingOperator_zero_of_odd_stabilizer' depends on axioms: [propext,
 Classical.choice,
 Quot.sound]
'ModifiedCartan.youngSubsetAlternatingOperator_zero_of_row_bound' depends on axioms: [propext,
 Classical.choice,
 Quot.sound]
'ModifiedCartan.garnirBelt_card' depends on axioms: [propext, Classical.choice, Quot.sound]
'ModifiedCartan.garnirBelt_alternation_polytabloid_zero' depends on axioms: [propext, Classical.choice, Quot.sound]
'ModifiedCartan.garnir_filling_relation' depends on axioms: [propext, Classical.choice, Quot.sound]
'ModifiedCartan.garnir_filling_mem_of_mixed' depends on axioms: [propext, Classical.choice, Quot.sound]
'ModifiedCartan.finset_sum_lt_of_equal_card_exchange' depends on axioms: [propext, Classical.choice, Quot.sound]
'ModifiedCartan.garnir_labels_separated' depends on axioms: [propext, Classical.choice, Quot.sound]
'ModifiedCartan.garnir_mixing_left_sum_lt' depends on axioms: [propext, Classical.choice, Quot.sound]
'ModifiedCartan.two_block_weighted_sum_lt' depends on axioms: [propext, Classical.choice, Quot.sound]
'ModifiedCartan.youngFillingWeight_garnir_lt' depends on axioms: [propext, Classical.choice, Quot.sound]
'ModifiedCartan.youngStandardPolytabloids_span' depends on axioms: [propext, Classical.choice, Quot.sound]
'ModifiedCartan.youngStandardTableau_tabloid_injective' depends on axioms: [propext, Classical.choice, Quot.sound]
'ModifiedCartan.youngColumn_total_weighted_sum_lt' depends on axioms: [propext, Classical.choice, Quot.sound]
'ModifiedCartan.youngFillingPolytabloid_nonleading_weight_lt' depends on axioms: [propext, Classical.choice, Quot.sound]
'ModifiedCartan.linearIndependent_of_strict_leading_weight' depends on axioms: [propext, Classical.choice, Quot.sound]
'ModifiedCartan.youngStandardPolytabloids_linearIndependent' depends on axioms: [propext, Classical.choice, Quot.sound]
'ModifiedCartan.finrank_specht_eq_standardTableauCount' depends on axioms: [propext, Classical.choice, Quot.sound]
'ModifiedCartan.spechtCharacter_one_eq_standardTableauCount' depends on axioms: [propext, Classical.choice, Quot.sound]
'ModifiedCartan.specht_character_projection' depends on axioms: [propext, Classical.choice, Quot.sound]
'ModifiedCartan.specht_character_expectation_bound' depends on axioms: [propext, Classical.choice, Quot.sound]
'ModifiedCartan.partitionSize_removePartitionBox_add_one' depends on axioms: [propext, Classical.choice, Quot.sound]
'ModifiedCartan.youngTableauLastBox' depends on axioms: [propext, Classical.choice, Quot.sound]
'ModifiedCartan.youngTableauCornerEquiv' depends on axioms: [propext, Classical.choice, Quot.sound]
'ModifiedCartan.standardTableauCount_remove_recurrence' depends on axioms: [propext, Classical.choice, Quot.sound]
'ModifiedCartan.finrank_specht_remove_recurrence' depends on axioms: [propext, Classical.choice, Quot.sound]
'ModifiedCartan.youngStandardPolytabloid_support_last_row' depends on axioms: [propext, Classical.choice, Quot.sound]
'ModifiedCartan.youngTabloidRowCutoff' depends on axioms: [propext, Classical.choice, Quot.sound]
'ModifiedCartan.youngSpechtRowFiltration' depends on axioms: [propext, Classical.choice, Quot.sound]
'ModifiedCartan.youngTableauRowSpan_le_filtration' depends on axioms: [propext, Classical.choice, Quot.sound]
'ModifiedCartan.youngRemovalPermutationEquiv' depends on axioms: [propext, Classical.choice, Quot.sound]
'ModifiedCartan.youngTabloidInsertEquiv' depends on axioms: [propext, Classical.choice, Quot.sound]
'ModifiedCartan.youngTabloidInsert_action' depends on axioms: [propext, Classical.choice, Quot.sound]
'ModifiedCartan.youngTabloidDeleteLinear_kernel_cutoff' depends on axioms: [propext, Classical.choice, Quot.sound]
'ModifiedCartan.youngTabloidDeleteLinear_action' depends on axioms: [propext, Classical.choice, Quot.sound]
'ModifiedCartan.youngTabloidDeleteLinear_polytabloid' depends on axioms: [propext, Classical.choice, Quot.sound]
'ModifiedCartan.youngSpecht_le_deletionImage' depends on axioms: [propext, Classical.choice, Quot.sound]
'ModifiedCartan.youngSpechtRowFiltration_finrank_letter_independent' depends on axioms: [propext,
 Classical.choice,
 Quot.sound]
'ModifiedCartan.submodule_finrank_map_add_of_kernel' depends on axioms: [propext, Classical.choice, Quot.sound]
'ModifiedCartan.youngSpechtRowIncrement_sum' depends on axioms: [propext, Classical.choice, Quot.sound]
'ModifiedCartan.youngDeletionImage_finrank_eq_increment' depends on axioms: [propext, Classical.choice, Quot.sound]
'ModifiedCartan.youngSpechtRowIncrement_corner_lower_bound' depends on axioms: [propext, Classical.choice, Quot.sound]
'ModifiedCartan.youngSpechtRowIncrement_eq_cornerDimension' depends on axioms: [propext, Classical.choice, Quot.sound]
'ModifiedCartan.youngDeletionImage_eq_specht' depends on axioms: [propext, Classical.choice, Quot.sound]
'ModifiedCartan.youngSpechtBranchingMap_surjective' depends on axioms: [propext, Classical.choice, Quot.sound]
'ModifiedCartan.youngSpechtBranchingMap_action' depends on axioms: [propext, Classical.choice, Quot.sound]
'ModifiedCartan.youngSpechtCornerQuotientEquiv' depends on axioms: [propext, Classical.choice, Quot.sound]
'ModifiedCartan.youngSpechtBranchingEquiv' depends on axioms: [propext, Classical.choice, Quot.sound]
'ModifiedCartan.youngSpechtCornerQuotient_character' depends on axioms: [propext, Classical.choice, Quot.sound]
'ModifiedCartan.trace_eq_kernel_add_of_surjective' depends on axioms: [propext, Classical.choice, Quot.sound]
'ModifiedCartan.trace_eq_submodule_add_of_surjective' depends on axioms: [propext, Classical.choice, Quot.sound]
'ModifiedCartan.trace_restrict_nested' depends on axioms: [propext, Classical.choice, Quot.sound]
'ModifiedCartan.youngSpechtRowCharacter_corner' depends on axioms: [propext, Classical.choice, Quot.sound]
'ModifiedCartan.youngSpechtRowFiltration_eq_of_no_corner' depends on axioms: [propext, Classical.choice, Quot.sound]
'ModifiedCartan.youngSpechtRowFiltrationRelabelEquiv' depends on axioms: [propext, Classical.choice, Quot.sound]
'ModifiedCartan.youngSpechtRowFiltration_character_relabel' depends on axioms: [propext, Classical.choice, Quot.sound]
'ModifiedCartan.youngSpechtRowCharacter_step' depends on axioms: [propext, Classical.choice, Quot.sound]
'ModifiedCartan.youngCornerCharacterAtRow_sum' depends on axioms: [propext, Classical.choice, Quot.sound]
'ModifiedCartan.youngSpechtCharacter_branching' depends on axioms: [propext, Classical.choice, Quot.sound]
'ModifiedCartan.spechtCharacterOn_eq_young' depends on axioms: [propext, Classical.choice, Quot.sound]
'ModifiedCartan.spechtCharacterOn_relabel' depends on axioms: [propext, Classical.choice, Quot.sound]
'ModifiedCartan.youngCornerRemainingEquiv_permCongr' depends on axioms: [propext, Classical.choice, Quot.sound]
'ModifiedCartan.youngSpechtCharacter_branching_remaining' depends on axioms: [propext, Classical.choice, Quot.sound]
'ModifiedCartan.deleteFixedPoint_relabel' depends on axioms: [propext, Classical.choice, Quot.sound]
'ModifiedCartan.spechtCharacterOn_branching' depends on axioms: [propext, Classical.choice, Quot.sound]
'ModifiedCartan.kpAlpha_empty' depends on axioms: [propext, Classical.choice, Quot.sound]
'ModifiedCartan.kpBeta_empty' depends on axioms: [propext, Classical.choice, Quot.sound]
'ModifiedCartan.kpBeta_of_size_gt' depends on axioms: [propext, Classical.choice, Quot.sound]
'ModifiedCartan.partition_eq_of_same_predecessors_two_corners' depends on axioms: [propext,
 Classical.choice,
 Quot.sound]
'ModifiedCartan.unique_corners_ordered_coordinates' depends on axioms: [propext, Classical.choice, Quot.sound]
'ModifiedCartan.partition_eq_of_same_predecessors' depends on axioms: [propext, Classical.choice, Quot.sound]
'ModifiedCartan.spechtRepresentationOn_irreducible' depends on axioms: [propext, Classical.choice, Quot.sound]
'ModifiedCartan.spechtRepresentationOn_unitary' depends on axioms: [propext, Classical.choice, Quot.sound]
'ModifiedCartan.youngSpecht_character_of_polytabloid_scalars' depends on axioms: [propext, Classical.choice, Quot.sound]
'ModifiedCartan.youngSpecht_character_single_row' depends on axioms: [propext, Classical.choice, Quot.sound]
'ModifiedCartan.youngSpecht_character_single_column' depends on axioms: [propext, Classical.choice, Quot.sound]
'ModifiedCartan.spechtCharacterOn_row_column_ne' depends on axioms: [propext, Classical.choice, Quot.sound]
'ModifiedCartan.two_box_unique_corner_characters_ne' depends on axioms: [propext, Classical.choice, Quot.sound]
'ModifiedCartan.partition_eq_of_predecessors_and_character' depends on axioms: [propext, Classical.choice, Quot.sound]
'ModifiedCartan.spechtCharacterOn_shape_injective' depends on axioms: [propext, Classical.choice, Quot.sound]
'ModifiedCartan.spechtRepresentationOn_equiv_shape' depends on axioms: [propext, Classical.choice, Quot.sound]
'ModifiedCartan.spechtCharacterOn_orthogonality' depends on axioms: [propext, Classical.choice, Quot.sound]
'ModifiedCartan.partitionCovers_iff_corner_removal' depends on axioms: [propext, Classical.choice, Quot.sound]
'ModifiedCartan.partition_le_square' depends on axioms: [propext, Classical.choice, Quot.sound]
'ModifiedCartan.youngAddableRow_card' depends on axioms: [propext, Classical.choice, Quot.sound]
'ModifiedCartan.PartitionCovers.exists_row_addition' depends on axioms: [propext, Classical.choice, Quot.sound]
'ModifiedCartan.youngSuccessor_card' depends on axioms: [propext, Classical.choice, Quot.sound]
'ModifiedCartan.youngCornerEquivPredecessor' depends on axioms: [propext, Classical.choice, Quot.sound]
'ModifiedCartan.common_inf_covers_of_upper' depends on axioms: [propext, Classical.choice, Quot.sound]
'ModifiedCartan.common_sup_covers_of_lower' depends on axioms: [propext, Classical.choice, Quot.sound]
'ModifiedCartan.young_lattice_differential_card' depends on axioms: [propext, Classical.choice, Quot.sound]
'ModifiedCartan.finite_weighted_common_neighbors' depends on axioms: [propext, Classical.choice, Quot.sound]
'ModifiedCartan.young_lattice_weighted_differential' depends on axioms: [propext, Classical.choice, Quot.sound]
'ModifiedCartan.youngTableauDimension_upward' depends on axioms: [propext, Classical.choice, Quot.sound]
'ModifiedCartan.sum_specht_finrank_sq_eq_card_perm' depends on axioms: [propext, Classical.choice, Quot.sound]
'ModifiedCartan.characterProjector_mul_eq_zero' depends on axioms: [propext, Classical.choice, Quot.sound]
'ModifiedCartan.sum_spechtProjector_regular' depends on axioms: [propext, Classical.choice, Quot.sound]
'ModifiedCartan.sum_spechtProjector' depends on axioms: [propext, Classical.choice, Quot.sound]
'ModifiedCartan.classWeightedOperator_on_irreducible' depends on axioms: [propext, Classical.choice, Quot.sound]
'ModifiedCartan.classWeightedOperator_mul_projector' depends on axioms: [propext, Classical.choice, Quot.sound]
'ModifiedCartan.specht_class_function_expansion' depends on axioms: [propext, Classical.choice, Quot.sound]
'ModifiedCartan.exists_spechtRepresentationOn_equiv' depends on axioms: [propext, Classical.choice, Quot.sound]
'ModifiedCartan.sum_fixedPointPermutations' depends on axioms: [propext, Classical.choice, Quot.sound]
'ModifiedCartan.inducedSpechtCharacter_pairing' depends on axioms: [propext, Classical.choice, Quot.sound]
'ModifiedCartan.inducedSpechtCharacter_eq_sum_covers' depends on axioms: [propext, Classical.choice, Quot.sound]
'ModifiedCartan.kpAlpha_sum_erase' depends on axioms: [propext, Classical.choice, Quot.sound]
'ModifiedCartan.supportedPermutation_nested_erase' depends on axioms: [propext, Classical.choice, Quot.sound]
'ModifiedCartan.kpAlpha_sum_erase_subset' depends on axioms: [propext, Classical.choice, Quot.sound]
'ModifiedCartan.kpBetaCoefficientPolynomial_derivative' depends on axioms: [propext, Classical.choice, Quot.sound]
'ModifiedCartan.iterate_derivative_kpBetaCoefficientPolynomial' depends on axioms: [propext,
 Classical.choice,
 Quot.sound]
'ModifiedCartan.kpBetaCoefficientPolynomial_natDegree_le' depends on axioms: [propext, Classical.choice, Quot.sound]
'ModifiedCartan.iterate_derivative_kpBetaCoefficientPolynomial_tableaux' depends on axioms: [propext,
 Classical.choice,
 Quot.sound]
'ModifiedCartan.Paper.eq_KP_translation' depends on axioms: [propext, Classical.choice, Quot.sound]
'ModifiedCartan.kpBeta_mem_generated' depends on axioms: [propext, Classical.choice, Quot.sound]
'ModifiedCartan.kpGeneratedAlgebra_shift' depends on axioms: [propext, Classical.choice, Quot.sound]
'ModifiedCartan.supportedPermutation_image_conjugate' depends on axioms: [propext, Classical.choice, Quot.sound]
'ModifiedCartan.kpAlpha_conjugate' depends on axioms: [propext, Classical.choice, Quot.sound]
'ModifiedCartan.kpAlpha_commutes_of_stabilizes_set' depends on axioms: [propext, Classical.choice, Quot.sound]
'ModifiedCartan.kpAlpha_commutes_permutationStar' depends on axioms: [propext, Classical.choice, Quot.sound]
'ModifiedCartan.kpAlpha_erase_commutator_sum' depends on axioms: [propext, Classical.choice, Quot.sound]
'ModifiedCartan.kpWeight_swap_difference' depends on axioms: [propext, Classical.choice, Quot.sound]
'ModifiedCartan.sum_involution_cut' depends on axioms: [propext, Classical.choice, Quot.sound]
'ModifiedCartan.kpBeta_transposition_commutator' depends on axioms: [propext, Classical.choice, Quot.sound]
'ModifiedCartan.sum_subset_insert_with_letter' depends on axioms: [propext, Classical.choice, Quot.sound]
'ModifiedCartan.kpGaudin_beta_commutator_subsets' depends on axioms: [propext, Classical.choice, Quot.sound]
'ModifiedCartan.kpGaudin_commutes_kpBeta' depends on axioms: [propext, Classical.choice, Quot.sound]
'ModifiedCartan.youngPolytabloid_swap_coefficient' depends on axioms: [propext, Classical.choice, Quot.sound]
'ModifiedCartan.totalTranspositionElement_conjugate' depends on axioms: [propext, Classical.choice, Quot.sound]
'ModifiedCartan.young_totalTransposition_scalar' depends on axioms: [propext, Classical.choice, Quot.sound]
'ModifiedCartan.sum_youngPairContent' depends on axioms: [propext, Classical.choice, Quot.sound]
'ModifiedCartan.youngTranspositionScalar_corner' depends on axioms: [propext, Classical.choice, Quot.sound]
'ModifiedCartan.youngCorner_content_injective' depends on axioms: [propext, Classical.choice, Quot.sound]
'ModifiedCartan.centralizer_commutative_of_cyclic' depends on axioms: [propext, Classical.choice, Quot.sound]
'ModifiedCartan.hasPolynomialCyclicVector_of_power_span' depends on axioms: [propext, Classical.choice, Quot.sound]
'ModifiedCartan.spechtRepresentationOn_totalTransposition_scalar' depends on axioms: [propext,
 Classical.choice,
 Quot.sound]
'ModifiedCartan.totalTranspositionElement_delete' depends on axioms: [propext, Classical.choice, Quot.sound]
'ModifiedCartan.isotypic_finrank_of_character_pairing' depends on axioms: [propext, Classical.choice, Quot.sound]
'ModifiedCartan.exists_intertwiner_range_of_isotypic_finrank' depends on axioms: [propext, Classical.choice, Quot.sound]
'ModifiedCartan.specht_restriction_isotypic_finrank' depends on axioms: [propext, Classical.choice, Quot.sound]
'ModifiedCartan.exists_specht_restriction_embedding' depends on axioms: [propext, Classical.choice, Quot.sound]
'ModifiedCartan.specht_corner_star_eigenvalue' depends on axioms: [propext, Classical.choice, Quot.sound]
'ModifiedCartan.hasPolynomialCyclicVector_of_simple_eigenbasis' depends on axioms: [propext,
 Classical.choice,
 Quot.sound]
'ModifiedCartan.exists_separating_finite_weights' depends on axioms: [propext, Classical.choice, Quot.sound]
'ModifiedCartan.exists_cyclic_linearCombination_of_joint_eigenbasis' depends on axioms: [propext,
 Classical.choice,
 Quot.sound]
'ModifiedCartan.eigenblockSumEquiv' depends on axioms: [propext, Classical.choice, Quot.sound]
'ModifiedCartan.eigenblockBasis_apply' depends on axioms: [propext, Classical.choice, Quot.sound]
'ModifiedCartan.spechtCornerSumEquiv' depends on axioms: [propext, Classical.choice, Quot.sound]
'ModifiedCartan.spechtCornerBasis_apply' depends on axioms: [propext, Classical.choice, Quot.sound]
'ModifiedCartan.kpSubsetExtension_jucysMurphy_erase' depends on axioms: [propext, Classical.choice, Quot.sound]
'ModifiedCartan.jucysMurphy_corner_restriction' depends on axioms: [propext, Classical.choice, Quot.sound]
'ModifiedCartan.jucysMurphy_corner_max' depends on axioms: [propext, Classical.choice, Quot.sound]
'ModifiedCartan.lastLetterSpectrum_injective' depends on axioms: [propext, Classical.choice, Quot.sound]
'ModifiedCartan.simpleJucysMurphyBasisStep' depends on axioms: [propext, Classical.choice, Quot.sound]
'ModifiedCartan.simpleJucysMurphyBasisZero' depends on axioms: [propext, Classical.choice, Quot.sound]
'ModifiedCartan.exists_simpleJucysMurphyBasis' depends on axioms: [propext, Classical.choice, Quot.sound]
'ModifiedCartan.specht_exists_cyclic_jucysMurphy_combination' depends on axioms: [propext, Classical.choice, Quot.sound]
'ModifiedCartan.cyclic_of_polynomialOrbitColumns_det_ne_zero' depends on axioms: [propext, Classical.choice, Quot.sound]
'ModifiedCartan.hasPolynomialCyclicVector_toMatrix_iff' depends on axioms: [propext, Classical.choice, Quot.sound]
'ModifiedCartan.eventually_hasPolynomialCyclicVector_matrix' depends on axioms: [propext, Classical.choice, Quot.sound]
'ModifiedCartan.eventually_hasPolynomialCyclicVector_of_matrix_continuousAt' depends on axioms: [propext,
 Classical.choice,
 Quot.sound]
'ModifiedCartan.gaudinDegenerationCoefficient_zero' depends on axioms: [propext, Classical.choice, Quot.sound]
'ModifiedCartan.gaudinDegenerationDenominator_eventually_ne_zero' depends on axioms: [propext,
 Classical.choice,
 Quot.sound]
'ModifiedCartan.gaudinDegenerationCoefficient_eq' depends on axioms: [propext, Classical.choice, Quot.sound]
'ModifiedCartan.gaudinDeformedParameters_injective' depends on axioms: [propext, Classical.choice, Quot.sound]
'ModifiedCartan.gaudinDegenerationElement_eq' depends on axioms: [propext, Classical.choice, Quot.sound]
'ModifiedCartan.gaudinDegenerationCombination_matrix_continuousAt_zero' depends on axioms: [propext,
 Classical.choice,
 Quot.sound]
'ModifiedCartan.specht_eventually_cyclic_gaudin_combination' depends on axioms: [propext, Classical.choice, Quot.sound]
'ModifiedCartan.specht_kpBeta_deformed_eventually_commute' depends on axioms: [propext, Classical.choice, Quot.sound]
'ModifiedCartan.polynomial_eq_zero_of_eventually_inverse_eval_zero' depends on axioms: [propext,
 Classical.choice,
 Quot.sound]
'ModifiedCartan.kpCurveWeightPolynomial_eval' depends on axioms: [propext, Classical.choice, Quot.sound]
'ModifiedCartan.kpCurveCommutatorPolynomial_eval' depends on axioms: [propext, Classical.choice, Quot.sound]
'ModifiedCartan.specht_kpBeta_commute' depends on axioms: [propext, Classical.choice, Quot.sound]
'ModifiedCartan.asAlgebraHom_eq_zero_of_all_specht_eq_zero' depends on axioms: [propext, Classical.choice, Quot.sound]
'ModifiedCartan.eq_zero_of_all_specht_actions_zero' depends on axioms: [propext, Classical.choice, Quot.sound]
'ModifiedCartan.kpBeta_commute' depends on axioms: [propext, Classical.choice, Quot.sound]
'ModifiedCartan.Paper.lem_KP_correspondence_commutativity' depends on axioms: [propext, Classical.choice, Quot.sound]
'ModifiedCartan.kpGeneratedAlgebra_isMulCommutative' depends on axioms: [propext, Classical.choice, Quot.sound]
'ModifiedCartan.kpFullCharacterSum_action_on_specht' depends on axioms: [propext, Classical.choice, Quot.sound]
'ModifiedCartan.specht_kpBeta_full_size' depends on axioms: [propext, Classical.choice, Quot.sound]
'ModifiedCartan.characterWeightedOperator_isPositive' depends on axioms: [propext, Classical.choice, Quot.sound]
'ModifiedCartan.kpAlpha_action_isPositive' depends on axioms: [propext, Classical.choice, Quot.sound]
'ModifiedCartan.specht_sum_kpAlpha_eq_zero_of_not_le' depends on axioms: [propext, Classical.choice, Quot.sound]
'ModifiedCartan.specht_kpAlpha_eq_zero_of_not_le' depends on axioms: [propext, Classical.choice, Quot.sound]
'ModifiedCartan.specht_kpBeta_eq_zero_of_not_le' depends on axioms: [propext, Classical.choice, Quot.sound]
'ModifiedCartan.exists_commonEigenvector' depends on axioms: [propext, Classical.choice, Quot.sound]
'ModifiedCartan.specht_exists_kpJointEigenspace' depends on axioms: [propext, Classical.choice, Quot.sound]
'ModifiedCartan.scalar_action_of_mem_adjoin' depends on axioms: [propext, Classical.choice, Quot.sound]
'ModifiedCartan.kpJointEigenvalue_top' depends on axioms: [propext, Classical.choice, Quot.sound]
'ModifiedCartan.kpJointEigenvalue_eq_zero_of_not_le' depends on axioms: [propext, Classical.choice, Quot.sound]
'ModifiedCartan.kpJointEigenvector_translation' depends on axioms: [propext, Classical.choice, Quot.sound]
'ModifiedCartan.kpJointValuePolynomial_bot' depends on axioms: [propext, Classical.choice, Quot.sound]
'ModifiedCartan.kpJointEigenvalue_top_ne_zero' depends on axioms: [propext, Classical.choice, Quot.sound]
'ModifiedCartan.scalarActionCharacter' depends on axioms: [propext, Classical.choice, Quot.sound]
'ModifiedCartan.exists_kpJointCharacter' depends on axioms: [propext, Classical.choice, Quot.sound]
'ModifiedCartan.kpJointEigenspace_inf_eq_bot_of_ne' depends on axioms: [propext, Classical.choice, Quot.sound]
'ModifiedCartan.spechtCharacterOn_columnPartition' depends on axioms: [propext, Classical.choice, Quot.sound]
'ModifiedCartan.permutation_univ_of_card_two' depends on axioms: [propext, Classical.choice, Quot.sound]
'ModifiedCartan.kpAlpha_column_two_pair' depends on axioms: [propext, Classical.choice, Quot.sound]
'ModifiedCartan.sum_two_subsets_containing' depends on axioms: [propext, Classical.choice, Quot.sound]
'ModifiedCartan.kpWeight_pair_at_root' depends on axioms: [propext, Classical.choice, Quot.sound]
'ModifiedCartan.kpBeta_column_two_at_root' depends on axioms: [propext, Classical.choice, Quot.sound]
'ModifiedCartan.kpGaudin_mem_generated' depends on axioms: [propext, Classical.choice, Quot.sound]
'ModifiedCartan.specht_eventually_generated_cyclic' depends on axioms: [propext, Classical.choice, Quot.sound]
'ModifiedCartan.commutative_subalgebra_eq_centralizer_of_cyclic' depends on axioms: [propext,
 Classical.choice,
 Quot.sound]
'ModifiedCartan.finrank_commutative_subalgebra_of_cyclic' depends on axioms: [propext, Classical.choice, Quot.sound]
'ModifiedCartan.kpSpechtAlgebra_elements_commute' depends on axioms: [propext, Classical.choice, Quot.sound]
'ModifiedCartan.specht_eventually_generated_centralizer' depends on axioms: [propext, Classical.choice, Quot.sound]
'ModifiedCartan.specht_kpBeta_isSymmetric_of_real' depends on axioms: [propext, Classical.choice, Quot.sound]
'ModifiedCartan.kpJointEigenspaces_real_iSup' depends on axioms: [propext, Classical.choice, Quot.sound]
'ModifiedCartan.kpJointEigenspaces_real_isInternal' depends on axioms: [propext, Classical.choice, Quot.sound]
'ModifiedCartan.signed_color_stabilizer_sum' depends on axioms: [propext, Classical.choice, Quot.sound]
'ModifiedCartan.signed_fixed_coloring_sum' depends on axioms: [propext, Classical.choice, Quot.sound]
'ModifiedCartan.cycleColoringEquiv' depends on axioms: [propext, Classical.choice, Quot.sound]
'ModifiedCartan.fixed_coloring_sum_eq_cycle_powers' depends on axioms: [propext, Classical.choice, Quot.sound]
'ModifiedCartan.scaledMonomialPolynomial_power_sum' depends on axioms: [propext, Classical.choice, Quot.sound]
'ModifiedCartan.extraColorEmbedding_injective' depends on axioms: [propext, Classical.choice, Quot.sound]
'ModifiedCartan.extraColorEquiv' depends on axioms: [propext, Classical.choice, Quot.sound]
'ModifiedCartan.sum_injective_extra_color' depends on axioms: [propext, Classical.choice, Quot.sound]
'ModifiedCartan.scaledMonomialPolynomial_add_variable' depends on axioms: [propext, Classical.choice, Quot.sound]
'ModifiedCartan.finiteAlphabetShift_powerSum' depends on axioms: [propext, Classical.choice, Quot.sound]
'ModifiedCartan.finiteBernstein_powerSum_factor' depends on axioms: [propext, Classical.choice, Quot.sound]
'ModifiedCartan.finiteBernstein_scaledMonomial' depends on axioms: [propext, Classical.choice, Quot.sound]
'ModifiedCartan.finiteBernstein_one_residue' depends on axioms: [propext, Classical.choice, Quot.sound]
'ModifiedCartan.one_sub_mul_positiveGeometricSum' depends on axioms: [propext, Classical.choice, Quot.sound]
'ModifiedCartan.finiteCompositionMonomialSum_eq' depends on axioms: [propext, Classical.choice, Quot.sound]
'ModifiedCartan.elementary_product_mul_composition_sum' depends on axioms: [propext, Classical.choice, Quot.sound]
'ModifiedCartan.laurentDerivative_residue' depends on axioms: [propext, Classical.choice, Quot.sound]
'ModifiedCartan.laurentDerivative_mul' depends on axioms: [propext, Classical.choice, Quot.sound]
'ModifiedCartan.laurentDerivation' depends on axioms: [propext, Classical.choice, Quot.sound]
'ModifiedCartan.laurent_residue_derivative_mul_affine_product' depends on axioms: [propext,
 Classical.choice,
 Quot.sound]
'ModifiedCartan.compositionMarkerSubstitution_derivative' depends on axioms: [propext, Classical.choice, Quot.sound]
'ModifiedCartan.compositionMarkerResidue' depends on axioms: [propext, Classical.choice, Quot.sound]
'ModifiedCartan.addMonoidAlgebra_comm_coeff' depends on axioms: [propext, Classical.choice, Quot.sound]
'ModifiedCartan.laurentMarkerEquiv_coeff' depends on axioms: [propext, Classical.choice, Quot.sound]
'ModifiedCartan.markerAssignmentDegree_eq_iff' depends on axioms: [propext, Classical.choice, Quot.sound]
'ModifiedCartan.markerAssignmentOfEmbedding_degree' depends on axioms: [propext, Classical.choice, Quot.sound]
'ModifiedCartan.markerAssignmentEquiv' depends on axioms: [propext, Classical.choice, Quot.sound]
'ModifiedCartan.markerAffineProduct_coeff' depends on axioms: [propext, Classical.choice, Quot.sound]
'ModifiedCartan.markerAffineProduct_squarefree_coeff' depends on axioms: [propext, Classical.choice, Quot.sound]
'ModifiedCartan.markerAffineProduct_jacobian_coeff' depends on axioms: [propext, Classical.choice, Quot.sound]
'ModifiedCartan.laurentMarkerEquiv_boundary' depends on axioms: [propext, Classical.choice, Quot.sound]
'ModifiedCartan.compositionBoundaryResidue' depends on axioms: [propext, Classical.choice, Quot.sound]
'ModifiedCartan.normalizedGeometricColor_boundary' depends on axioms: [propext, Classical.choice, Quot.sound]
'ModifiedCartan.normalizedCompositionSum_residue' depends on axioms: [propext, Classical.choice, Quot.sound]
'ModifiedCartan.sum_embedding_products_erase' depends on axioms: [propext, Classical.choice, Quot.sound]
'ModifiedCartan.weightedCompositionLaurent_eq' depends on axioms: [propext, Classical.choice, Quot.sound]
'ModifiedCartan.weightedCompositionLaurent_shifted_residue' depends on axioms: [propext, Classical.choice, Quot.sound]
'ModifiedCartan.weightedCompositionLaurent_residue' depends on axioms: [propext, Classical.choice, Quot.sound]
'ModifiedCartan.scaledMonomialPolynomial_map' depends on axioms: [propext, Classical.choice, Quot.sound]
'ModifiedCartan.finiteBernstein_bounded_composition_residue' depends on axioms: [propext, Classical.choice, Quot.sound]
'ModifiedCartan.laurent_eval₂_variable_T' depends on axioms: [propext, Classical.choice, Quot.sound]
'ModifiedCartan.finiteBernsteinLaurent_T_mul' depends on axioms: [propext, Classical.choice, Quot.sound]
'ModifiedCartan.finiteCompositionSeries_Bernstein_residue' depends on axioms: [propext, Classical.choice, Quot.sound]
'ModifiedCartan.finiteBernsteinLaurent_powerSumFactors' depends on axioms: [propext, Classical.choice, Quot.sound]
'ModifiedCartan.finiteBernsteinLaurent_strip_factors_residue' depends on axioms: [propext, Classical.choice, Quot.sound]
'ModifiedCartan.finiteBernstein_factored_composition_residue' depends on axioms: [propext, Classical.choice, Quot.sound]
'ModifiedCartan.zFactorLeftSet_unique' depends on axioms: [propext, Classical.choice, Quot.sound]
'ModifiedCartan.isRightZFactor_iff' depends on axioms: [propext, Classical.choice, Quot.sound]
'ModifiedCartan.rightZFactor_predecessor_mem' depends on axioms: [propext, Classical.choice, Quot.sound]
'ModifiedCartan.zStripLength_minimal' depends on axioms: [propext, Classical.choice, Quot.sound]
'ModifiedCartan.zStrip_pow_eq_iff' depends on axioms: [propext, Classical.choice, Quot.sound]
'ModifiedCartan.zStripEmbedding' depends on axioms: [propext, Classical.choice, Quot.sound]
'ModifiedCartan.zStripUnion_apply_iff' depends on axioms: [propext, Classical.choice, Quot.sound]
'ModifiedCartan.zStripUnion_card' depends on axioms: [propext, Classical.choice, Quot.sound]
'ModifiedCartan.zStripComplementPerm' depends on axioms: [propext, Classical.choice, Quot.sound]
'ModifiedCartan.zStripLengths_add_complement_card' depends on axioms: [propext, Classical.choice, Quot.sound]
'ModifiedCartan.zAdmissible_strip_downward' depends on axioms: [propext, Classical.choice, Quot.sound]
'ModifiedCartan.zAdmissible_complement_apply_iff' depends on axioms: [propext, Classical.choice, Quot.sound]
'ModifiedCartan.zAdmissible_strip_mem_iff' depends on axioms: [propext, Classical.choice, Quot.sound]
'ModifiedCartan.zAdmissibleComposition_part' depends on axioms: [propext, Classical.choice, Quot.sound]
'ModifiedCartan.zPrefixSet_strip_mem_iff' depends on axioms: [propext, Classical.choice, Quot.sound]
'ModifiedCartan.zPrefixSet_card' depends on axioms: [propext, Classical.choice, Quot.sound]
'ModifiedCartan.zPrefixSet_union_isZAdmissible' depends on axioms: [propext, Classical.choice, Quot.sound]
'ModifiedCartan.zAdmissible_reconstruction' depends on axioms: [propext, Classical.choice, Quot.sound]
'ModifiedCartan.zAdmissibleSupportEquiv' depends on axioms: [propext, Classical.choice, Quot.sound]
'ModifiedCartan.invariantFinsetCycleEquiv' depends on axioms: [propext, Classical.choice, Quot.sound]
'ModifiedCartan.blockInflation_block_step' depends on axioms: [propext, Classical.choice, Quot.sound]
'ModifiedCartan.blockInflation_injective' depends on axioms: [propext, Classical.choice, Quot.sound]
'ModifiedCartan.blockSuccessorEquiv' depends on axioms: [propext, Classical.choice, Quot.sound]
'ModifiedCartan.zPrefixPermutation_predecessor' depends on axioms: [propext, Classical.choice, Quot.sound]
'ModifiedCartan.invariantSupportedPermutation_mem' depends on axioms: [propext, Classical.choice, Quot.sound]
'ModifiedCartan.zConstructedRightFactor_isRight' depends on axioms: [propext, Classical.choice, Quot.sound]
'ModifiedCartan.exists_rightZFactor_iff' depends on axioms: [propext, Classical.choice, Quot.sound]
'ModifiedCartan.rightZFactor_support_classification' depends on axioms: [propext, Classical.choice, Quot.sound]
'ModifiedCartan.rightZFactor_endpoint_mem_Z' depends on axioms: [propext, Classical.choice, Quot.sound]
'ModifiedCartan.rightZFactorEndPermutation' depends on axioms: [propext, Classical.choice, Quot.sound]
'ModifiedCartan.rightZFactorEquiv' depends on axioms: [propext, Classical.choice, Quot.sound]
'ModifiedCartan.invariantSubsetCycleEquiv' depends on axioms: [propext, Classical.choice, Quot.sound]
'ModifiedCartan.permutationCycleUnion_card' depends on axioms: [propext, Classical.choice, Quot.sound]
'ModifiedCartan.sigmaFiberPermutation_list_product' depends on axioms: [propext, Classical.choice, Quot.sound]
'ModifiedCartan.sign_sigmaCongrRight' depends on axioms: [propext, Classical.choice, Quot.sound]
'ModifiedCartan.blockInflation_sign' depends on axioms: [propext, Classical.choice, Quot.sound]
'ModifiedCartan.blockInflationColoringEquiv' depends on axioms: [propext, Classical.choice, Quot.sound]
'ModifiedCartan.blockConstant_coloring_product' depends on axioms: [propext, Classical.choice, Quot.sound]
'ModifiedCartan.blockInflation_cycle_power_sums' depends on axioms: [propext, Classical.choice, Quot.sound]
'ModifiedCartan.signed_blockInflation_cycle_power_sum' depends on axioms: [propext, Classical.choice, Quot.sound]
'ModifiedCartan.zSupportSplitEquiv' depends on axioms: [propext, Classical.choice, Quot.sound]
'ModifiedCartan.supportedPermutationRestriction_sign' depends on axioms: [propext, Classical.choice, Quot.sound]
'ModifiedCartan.zConstructedRightFactor_restriction_eq' depends on axioms: [propext, Classical.choice, Quot.sound]
'ModifiedCartan.zConstructedRightFactor_sign' depends on axioms: [propext, Classical.choice, Quot.sound]
'ModifiedCartan.permutationFixedColoringSum_cycles' depends on axioms: [propext, Classical.choice, Quot.sound]
'ModifiedCartan.permutationFixedColoringSum_conjugate' depends on axioms: [propext, Classical.choice, Quot.sound]
'ModifiedCartan.permutationFixedColoringSum_sumCongr' depends on axioms: [propext, Classical.choice, Quot.sound]
'ModifiedCartan.zConstructedRightFactor_fixedColoringSum' depends on axioms: [propext, Classical.choice, Quot.sound]
'ModifiedCartan.signed_blockInflation_fixedColoring_sum' depends on axioms: [propext, Classical.choice, Quot.sound]
'ModifiedCartan.rightZFactor_signed_coloring_sum' depends on axioms: [propext, Classical.choice, Quot.sound]
'ModifiedCartan.permutationCycleFiber_sameCycle' depends on axioms: [propext, Classical.choice, Quot.sound]
'ModifiedCartan.permutationCycleFiber_card' depends on axioms: [propext, Classical.choice, Quot.sound]
'ModifiedCartan.transitivePermutation_sign' depends on axioms: [propext, Classical.choice, Quot.sound]
'ModifiedCartan.cycleUnion_restriction_eq' depends on axioms: [propext, Classical.choice, Quot.sound]
'ModifiedCartan.cycleUnion_restriction_sign' depends on axioms: [propext, Classical.choice, Quot.sound]
'ModifiedCartan.permutationFixedColoringSum_sigma_transitive' depends on axioms: [propext, Classical.choice, Quot.sound]
'ModifiedCartan.cycleUnion_restriction_fixedColoringSum' depends on axioms: [propext, Classical.choice, Quot.sound]
'ModifiedCartan.cycleUnion_restriction_sign_twist_complex' depends on axioms: [propext, Classical.choice, Quot.sound]
'ModifiedCartan.cycleUnion_signed_powerSumPolynomial' depends on axioms: [propext, Classical.choice, Quot.sound]
'ModifiedCartan.sum_signed_laurent_subsets' depends on axioms: [propext, Classical.choice, Quot.sound]
'ModifiedCartan.zAdmissibleCycleSupportEquiv' depends on axioms: [propext, Classical.choice, Quot.sound]
'ModifiedCartan.zCycleSupport_laurentExponent' depends on axioms: [propext, Classical.choice, Quot.sound]
'ModifiedCartan.zCycleSupport_sign_balance' depends on axioms: [propext, Classical.choice, Quot.sound]
'ModifiedCartan.rightZFactorPolynomial_normalized' depends on axioms: [propext, Classical.choice, Quot.sound]
'ModifiedCartan.rightZFactorLaurentSeries_parameters' depends on axioms: [propext, Classical.choice, Quot.sound]
'ModifiedCartan.zSupportLaurentTerm_normalized' depends on axioms: [propext, Classical.choice, Quot.sound]
'ModifiedCartan.zComplementLaurentProduct' depends on axioms: [propext, Classical.choice, Quot.sound]
'ModifiedCartan.rightZFactorLaurentSeries_factorized' depends on axioms: [propext, Classical.choice, Quot.sound]
'ModifiedCartan.finiteBernsteinLaurent_scalar_residue' depends on axioms: [propext, Classical.choice, Quot.sound]
'ModifiedCartan.rightZFactorLaurentSeries_residue' depends on axioms: [propext, Classical.choice, Quot.sound]
'ModifiedCartan.zFactorizationRightEquiv' depends on axioms: [propext, Classical.choice, Quot.sound]
'ModifiedCartan.zFactorizationLaurentSeries_eq' depends on axioms: [propext, Classical.choice, Quot.sound]
'ModifiedCartan.zFactorizationLaurentSeries_residue' depends on axioms: [propext, Classical.choice, Quot.sound]
'ModifiedCartan.complementMarkerDegree_squarefree_iff' depends on axioms: [propext, Classical.choice, Quot.sound]
'ModifiedCartan.supportedPowerSumQuadratic_squarefree_coeff' depends on axioms: [propext, Classical.choice, Quot.sound]
'ModifiedCartan.supportedPowerSumQuadratic_eq_product' depends on axioms: [propext, Classical.choice, Quot.sound]
'ModifiedCartan.supportedPowerSumQuadratic_squarefree_residue' depends on axioms: [propext,
 Classical.choice,
 Quot.sound]
'ModifiedCartan.finiteSubtypeSupportEquiv' depends on axioms: [propext, Classical.choice, Quot.sound]
'ModifiedCartan.supportedPermutationDataSubtypeEquiv' depends on axioms: [propext, Classical.choice, Quot.sound]
'ModifiedCartan.extendSupportedPermutationData_fixedColoringSum' depends on axioms: [propext,
 Classical.choice,
 Quot.sound]
'ModifiedCartan.complementMarkerDegree_eq_iff' depends on axioms: [propext, Classical.choice, Quot.sound]
'ModifiedCartan.complementMarkerDegree_active_overlap' depends on axioms: [propext, Classical.choice, Quot.sound]
'ModifiedCartan.ambientFactorizationRestrictionEquiv' depends on axioms: [propext, Classical.choice, Quot.sound]
'ModifiedCartan.ambientFactorizationLaurentSeries_restrict' depends on axioms: [propext, Classical.choice, Quot.sound]
'ModifiedCartan.ambientFactorizationLaurentSeries_residue' depends on axioms: [propext, Classical.choice, Quot.sound]
'ModifiedCartan.supportedPowerSumQuadratic_union_inter_coeff' depends on axioms: [propext, Classical.choice, Quot.sound]
'ModifiedCartan.supportedPowerSumQuadratic_residue' depends on axioms: [propext, Classical.choice, Quot.sound]
'ModifiedCartan.kpAlpha_column_supported' depends on axioms: [propext, Classical.choice, Quot.sound]
'ModifiedCartan.kpBeta_column_supported' depends on axioms: [propext, Classical.choice, Quot.sound]
'ModifiedCartan.markerSquarefreeMonomial_eval₂' depends on axioms: [propext, Classical.choice, Quot.sound]
'ModifiedCartan.evaluateSupportedMarkers_monomial' depends on axioms: [propext, Classical.choice, Quot.sound]
'ModifiedCartan.laurentColumnWeight_coeff' depends on axioms: [propext, Classical.choice, Quot.sound]
'ModifiedCartan.supportedColumnLaurentSeries_coeff' depends on axioms: [propext, Classical.choice, Quot.sound]
'ModifiedCartan.classFunctionOperator_commutes' depends on axioms: [propext, Classical.choice, Quot.sound]
'ModifiedCartan.classFunctionOperator_on_irreducible' depends on axioms: [propext, Classical.choice, Quot.sound]
'ModifiedCartan.classFunctionOperator_mul_characterProjector' depends on axioms: [propext, Classical.choice, Quot.sound]
'ModifiedCartan.classFunctionOperator_specht_expansion' depends on axioms: [propext, Classical.choice, Quot.sound]
'ModifiedCartan.classFunctionOperator_regular_coeff' depends on axioms: [propext, Classical.choice, Quot.sound]
'ModifiedCartan.classFunction_specht_fourier' depends on axioms: [propext, Classical.choice, Quot.sound]
'ModifiedCartan.polynomial_specht_fourier' depends on axioms: [propext, Classical.choice, Quot.sound]
'ModifiedCartan.finiteCyclePolynomial_conjugate' depends on axioms: [propext, Classical.choice, Quot.sound]
'ModifiedCartan.finiteFrobeniusPolynomialOn_relabel' depends on axioms: [propext, Classical.choice, Quot.sound]
'ModifiedCartan.finiteCyclePolynomial_frobenius' depends on axioms: [propext, Classical.choice, Quot.sound]
'ModifiedCartan.subgroup_finite_sum_coefficient' depends on axioms: [propext, Classical.choice, Quot.sound]
'ModifiedCartan.supportedPermutationRestriction_eq_symm' depends on axioms: [propext, Classical.choice, Quot.sound]
'ModifiedCartan.supportedCycleSum_frobenius_coeff' depends on axioms: [propext, Classical.choice, Quot.sound]
'ModifiedCartan.sum_sizedYoungDiagram_in_square' depends on axioms: [propext, Classical.choice, Quot.sound]
'ModifiedCartan.supportedCycleSum_bounded_frobenius_coeff' depends on axioms: [propext, Classical.choice, Quot.sound]
'ModifiedCartan.evaluateSupportedPowerSumSeries' depends on axioms: [propext, Classical.choice, Quot.sound]
'ModifiedCartan.evaluatedPowerSumSeries_frobenius' depends on axioms: [propext, Classical.choice, Quot.sound]
'ModifiedCartan.evaluateSupportedMarkers_expansion' depends on axioms: [propext, Classical.choice, Quot.sound]
'ModifiedCartan.finiteBernstein_residue_evaluateMarkers' depends on axioms: [propext, Classical.choice, Quot.sound]
'ModifiedCartan.supportedPowerSumQuadratic_evaluated_residue' depends on axioms: [propext, Classical.choice, Quot.sound]
'ModifiedCartan.supportedPowerSumProduct_evaluated_residue' depends on axioms: [propext, Classical.choice, Quot.sound]
'ModifiedCartan.sum_fixedBy_orbit_weights' depends on axioms: [propext, Classical.choice, Quot.sound]
'ModifiedCartan.coloringMultiset_eq_iff_permutation' depends on axioms: [propext, Classical.choice, Quot.sound]
'ModifiedCartan.coloringMultiset_surjective' depends on axioms: [propext, Classical.choice, Quot.sound]
'ModifiedCartan.coloringOrbitMultiset_bijective' depends on axioms: [propext, Classical.choice, Quot.sound]
'ModifiedCartan.sum_permutationFixedColoringSum' depends on axioms: [propext, Classical.choice, Quot.sound]
'ModifiedCartan.finiteCyclePolynomial_average' depends on axioms: [propext, Classical.choice, Quot.sound]
'ModifiedCartan.finiteFrobeniusPolynomial_single_row' depends on axioms: [propext, Classical.choice, Quot.sound]
'ModifiedCartan.permutationFixedColoringSum_product' depends on axioms: [propext, Classical.choice, Quot.sound]
'ModifiedCartan.polynomial_specht_kernel' depends on axioms: [propext, Classical.choice, Quot.sound]
'ModifiedCartan.finiteCyclePolynomial_inv' depends on axioms: [propext, Classical.choice, Quot.sound]
'ModifiedCartan.finiteCyclePolynomial_rename' depends on axioms: [propext, Classical.choice, Quot.sound]
'ModifiedCartan.permutationFixedColoringSum_average' depends on axioms: [propext, Classical.choice, Quot.sound]
'ModifiedCartan.finiteFrobeniusPolynomial_cauchy' depends on axioms: [propext, Classical.choice, Quot.sound]
'ModifiedCartan.finitePermutationRepresentation_character' depends on axioms: [propext, Classical.choice, Quot.sound]
'ModifiedCartan.coloringDegree_weight' depends on axioms: [propext, Classical.choice, Quot.sound]
'ModifiedCartan.weightColoringRepresentation_character' depends on axioms: [propext, Classical.choice, Quot.sound]
'ModifiedCartan.finiteCyclePolynomial_coeff_character' depends on axioms: [propext, Classical.choice, Quot.sound]
'ModifiedCartan.finiteFrobeniusPolynomialOn_coeff_finrank' depends on axioms: [propext, Classical.choice, Quot.sound]
'ModifiedCartan.finiteFrobeniusPolynomial_coeff_nat' depends on axioms: [propext, Classical.choice, Quot.sound]
'ModifiedCartan.finiteFrobeniusPolynomial_coeff_finrank_young' depends on axioms: [propext,
 Classical.choice,
 Quot.sound]
'ModifiedCartan.weightColoring_column_collision' depends on axioms: [propext, Classical.choice, Quot.sound]
'ModifiedCartan.columnSignVector_collision_coeff' depends on axioms: [propext, Classical.choice, Quot.sound]
'ModifiedCartan.youngSpechtIntertwiner_eq_zero_of_generator' depends on axioms: [propext, Classical.choice, Quot.sound]
'ModifiedCartan.youngSpecht_weightColoring_intertwiner_zero' depends on axioms: [propext, Classical.choice, Quot.sound]
'ModifiedCartan.finiteFrobeniusPolynomial_coeff_zero_of_weight_lt' depends on axioms: [propext,
 Classical.choice,
 Quot.sound]
'ModifiedCartan.partitionRowDegree_injective' depends on axioms: [propext, Classical.choice, Quot.sound]
'ModifiedCartan.weightColoring_minimum_degree' depends on axioms: [propext, Classical.choice, Quot.sound]
'ModifiedCartan.finiteFrobeniusPolynomial_coeff_zero_of_weight_le_ne' depends on axioms: [propext,
 Classical.choice,
 Quot.sound]
'ModifiedCartan.finiteFrobeniusPolynomial_isSymmetric' depends on axioms: [propext, Classical.choice, Quot.sound]
'ModifiedCartan.finiteFrobeniusPolynomial_isHomogeneous' depends on axioms: [propext, Classical.choice, Quot.sound]
'ModifiedCartan.finiteColorWeight_partitionFiniteDegree' depends on axioms: [propext, Classical.choice, Quot.sound]
'ModifiedCartan.partitionFiniteDegree_mapDomain' depends on axioms: [propext, Classical.choice, Quot.sound]
'ModifiedCartan.det_first_pivot' depends on axioms: [propext, Classical.choice, Quot.sound]
'ModifiedCartan.finiteCauchyMatrix_det_mul_denominator' depends on axioms: [propext, Classical.choice, Quot.sound]
'ModifiedCartan.finiteStaircaseDegree_weight_lt' depends on axioms: [propext, Classical.choice, Quot.sound]
'ModifiedCartan.staircase_sub_weight_lt' depends on axioms: [propext, Classical.choice, Quot.sound]
'ModifiedCartan.finiteAlternant_eq_det' depends on axioms: [propext, Classical.choice, Quot.sound]
'ModifiedCartan.finiteVandermondeFrobenius_coeff_zero_of_le_ne' depends on axioms: [propext,
 Classical.choice,
 Quot.sound]
'ModifiedCartan.finiteVandermondeFrobenius_diagonal_nat' depends on axioms: [propext, Classical.choice, Quot.sound]
'ModifiedCartan.finiteAlternant_partition_coeff' depends on axioms: [propext, Classical.choice, Quot.sound]
'ModifiedCartan.singleVariableSeries_coeff_prod' depends on axioms: [propext, Classical.choice, Quot.sound]
'ModifiedCartan.geometricMvSeries_inverse' depends on axioms: [propext, Classical.choice, Quot.sound]
'ModifiedCartan.finiteCauchy_inverse_det' depends on axioms: [propext, Classical.choice, Quot.sound]
'ModifiedCartan.finiteCauchySeriesMatrix_coeff_det' depends on axioms: [propext, Classical.choice, Quot.sound]
'ModifiedCartan.finiteCauchySeriesMatrix_det' depends on axioms: [propext, Classical.choice, Quot.sound]
'ModifiedCartan.seriesHomogenization_coeff_coeff' depends on axioms: [propext, Classical.choice, Quot.sound]
'ModifiedCartan.geometricPowerSeries_prod_coeff' depends on axioms: [propext, Classical.choice, Quot.sound]
'ModifiedCartan.finiteCauchyCoefficientPolynomial_coeff' depends on axioms: [propext, Classical.choice, Quot.sound]
'ModifiedCartan.finiteFrobeniusPolynomial_cauchy_separated' depends on axioms: [propext, Classical.choice, Quot.sound]
'ModifiedCartan.homogeneous_polynomial_mul_series_coeff' depends on axioms: [propext, Classical.choice, Quot.sound]
'ModifiedCartan.finiteVandermondeAlternant_isHomogeneous' depends on axioms: [propext, Classical.choice, Quot.sound]
'ModifiedCartan.finiteCauchyKernelSeries_alternant_coeff' depends on axioms: [propext, Classical.choice, Quot.sound]
'ModifiedCartan.finiteVandermondeAlternant_map_mul' depends on axioms: [propext, Classical.choice, Quot.sound]
'ModifiedCartan.finiteAlternant_frobenius_expansion' depends on axioms: [propext, Classical.choice, Quot.sound]
'ModifiedCartan.weighted_triangular_orthogonal_identity' depends on axioms: [propext, Classical.choice, Quot.sound]
'ModifiedCartan.youngFirstColumn_color_collision' depends on axioms: [propext, Classical.choice, Quot.sound]
'ModifiedCartan.finiteFrobeniusPolynomial_eq_zero_of_height' depends on axioms: [propext, Classical.choice, Quot.sound]
'ModifiedCartan.frobeniusAlternantCoefficient_orthogonality' depends on axioms: [propext, Classical.choice, Quot.sound]
'ModifiedCartan.frobeniusAlternantCoefficient_identity' depends on axioms: [propext, Classical.choice, Quot.sound]
'ModifiedCartan.finiteFrobeniusPolynomial_mul_alternant' depends on axioms: [propext, Classical.choice, Quot.sound]
'ModifiedCartan.finiteFrobeniusPolynomial_schur_determinant' depends on axioms: [propext, Classical.choice, Quot.sound]
'ModifiedCartan.finiteFrobeniusPolynomial_rename_equiv' depends on axioms: [propext, Classical.choice, Quot.sound]
'ModifiedCartan.finiteBernstein_mul_vandermonde' depends on axioms: [propext, Classical.choice, Quot.sound]
'ModifiedCartan.finiteBernstein_residue_mul_vandermonde' depends on axioms: [propext, Classical.choice, Quot.sound]
'ModifiedCartan.evaluatedColumnLaurentSeries_eq_sum' depends on axioms: [propext, Classical.choice, Quot.sound]
'ModifiedCartan.evaluatedSupportedProduct_frobenius' depends on axioms: [propext, Classical.choice, Quot.sound]
'ModifiedCartan.finiteFrobeniusBernsteinResidue_mul_vandermonde' depends on axioms: [propext,
 Classical.choice,
 Quot.sound]
'ModifiedCartan.kpFrobeniusBernstein_residue' depends on axioms: [propext, Classical.choice, Quot.sound]
'ModifiedCartan.finiteGroup_polynomial_relation_linear' depends on axioms: [propext, Classical.choice, Quot.sound]
'ModifiedCartan.exists_kpJointLinearValue' depends on axioms: [propext, Classical.choice, Quot.sound]
'ModifiedCartan.kpJointFrobeniusBernstein_residue' depends on axioms: [propext, Classical.choice, Quot.sound]
'ModifiedCartan.kpJointAlternant_contraction' depends on axioms: [propext, Classical.choice, Quot.sound]
'ModifiedCartan.polynomialWronskian_ne_zero_of_linearIndependent' depends on axioms: [propext,
 Classical.choice,
 Quot.sound]
'ModifiedCartan.polynomialDifferential_subspace_finrank_le' depends on axioms: [propext, Classical.choice, Quot.sound]
'ModifiedCartan.kpJointAlternatingPolynomial_ne_zero' depends on axioms: [propext, Classical.choice, Quot.sound]
'ModifiedCartan.kpJointAlternatingPolynomial_first_contraction' depends on axioms: [propext,
 Classical.choice,
 Quot.sound]
'ModifiedCartan.complexDividedPowerPolynomial_jet_zero' depends on axioms: [propext, Classical.choice, Quot.sound]
'ModifiedCartan.dividedPowerPartitionMinor_eval' depends on axioms: [propext, Classical.choice, Quot.sound]
'ModifiedCartan.mvDividedPowerNormalize_ne_zero' depends on axioms: [propext, Classical.choice, Quot.sound]
'ModifiedCartan.mvDividedPowerNormalize_first_coeff' depends on axioms: [propext, Classical.choice, Quot.sound]
'ModifiedCartan.finiteDividedAlternant_eq_det' depends on axioms: [propext, Classical.choice, Quot.sound]
'ModifiedCartan.kpJointDividedPolynomial_ne_zero' depends on axioms: [propext, Classical.choice, Quot.sound]
'ModifiedCartan.kpJointDividedPolynomial_first_contraction' depends on axioms: [propext, Classical.choice, Quot.sound]
'ModifiedCartan.alternatingPolynomial_ext' depends on axioms: [propext, Classical.choice, Quot.sound]
'ModifiedCartan.finiteDividedAlternant_translation' depends on axioms: [propext, Classical.choice, Quot.sound]
'ModifiedCartan.finitePartitionDividedPolynomial_translation' depends on axioms: [propext, Classical.choice, Quot.sound]
'ModifiedCartan.kpJointDividedPolynomial_translated_contraction' depends on axioms: [propext,
 Classical.choice,
 Quot.sound]
'ModifiedCartan.finSuccEquiv_translate_factorial_coeff' depends on axioms: [propext, Classical.choice, Quot.sound]
'ModifiedCartan.kpJointDividedPolynomial_differential_eq_zero' depends on axioms: [propext,
 Classical.choice,
 Quot.sound]
'ModifiedCartan.polynomialCoefficientSpace_finrank_le' depends on axioms: [propext, Classical.choice, Quot.sound]
'ModifiedCartan.kpJointCoefficientSpace_finrank_le' depends on axioms: [propext, Classical.choice, Quot.sound]
'ModifiedCartan.kpJointCoefficientSpace_ne_bot' depends on axioms: [propext, Classical.choice, Quot.sound]
'ModifiedCartan.polynomialTensorFunctional_first' depends on axioms: [propext, Classical.choice, Quot.sound]
'ModifiedCartan.finitePartitionAlternatingDualForm_annihilator' depends on axioms: [propext,
 Classical.choice,
 Quot.sound]
'ModifiedCartan.alternatingDual_descent' depends on axioms: [propext, Classical.choice, Quot.sound]
'ModifiedCartan.kpJointCoefficientSpace_finrank_eq' depends on axioms: [propext, Classical.choice, Quot.sound]
'ModifiedCartan.alternatingDual_eq_scalar_det' depends on axioms: [propext, Classical.choice, Quot.sound]
'ModifiedCartan.kpJointDividedPolynomial_decomposable' depends on axioms: [propext, Classical.choice, Quot.sound]
'ModifiedCartan.finitePartitionDividedPolynomial_representation_minor' depends on axioms: [propext,
 Classical.choice,
 Quot.sound]
'ModifiedCartan.kpJointPolynomialTuple_exists' depends on axioms: [propext, Classical.choice, Quot.sound]
'ModifiedCartan.kpJointPolynomialTuple_normalized' depends on axioms: [propext, Classical.choice, Quot.sound]
'ModifiedCartan.polynomial_natDegree_eq_of_identity_jets_support' depends on axioms: [propext,
 Classical.choice,
 Quot.sound]
'ModifiedCartan.polynomialSchubertFrame_exists_of_minor_support' depends on axioms: [propext,
 Classical.choice,
 Quot.sound]
'ModifiedCartan.normalizedSchubertCoordinate_bot' depends on axioms: [propext, Classical.choice, Quot.sound]
'ModifiedCartan.schubertMonicWronskian_monic' depends on axioms: [propext, Classical.choice, Quot.sound]
'ModifiedCartan.kpJointWronskiFibre_exists_card_dimension' depends on axioms: [propext, Classical.choice, Quot.sound]
'ModifiedCartan.partitionPolynomialMinor_cons_constant' depends on axioms: [propext, Classical.choice, Quot.sound]
'ModifiedCartan.polynomialSchubertFrame_exists_dimension' depends on axioms: [propext, Classical.choice, Quot.sound]
'ModifiedCartan.kpJointSchubertSpace_exists' depends on axioms: [propext, Classical.choice, Quot.sound]
'ModifiedCartan.kpJointWronskiFibre_exists' depends on axioms: [propext, Classical.choice, Quot.sound]
'ModifiedCartan.polynomialBasis_subspace_eq_of_alternant_eq' depends on axioms: [propext, Classical.choice, Quot.sound]
'ModifiedCartan.polynomialSchubertSpace_eq_of_coordinates' depends on axioms: [propext, Classical.choice, Quot.sound]
'ModifiedCartan.isClosed_commonEigenvector_parameters' depends on axioms: [propext, Classical.choice, Quot.sound]
'ModifiedCartan.isClosed_kpJointProfiles' depends on axioms: [propext, Classical.choice, Quot.sound]
'ModifiedCartan.kpJointEigenspace_ne_bot_of_tendsto' depends on axioms: [propext, Classical.choice, Quot.sound]
'ModifiedCartan.polynomial_eq_zero_of_zero_on_every_fibre' depends on axioms: [propext, Classical.choice, Quot.sound]
'ModifiedCartan.schubertChartSlot_card' depends on axioms: [propext, Classical.choice, Quot.sound]
'ModifiedCartan.schubertChartSpace_mem' depends on axioms: [propext, Classical.choice, Quot.sound]
'ModifiedCartan.polynomialSchubertSpace_exists_chart' depends on axioms: [propext, Classical.choice, Quot.sound]
'ModifiedCartan.normalizedSchubertCoordinate_chart' depends on axioms: [propext, Classical.choice, Quot.sound]
'ModifiedCartan.schubertWronskiCoefficientPolynomial_eval' depends on axioms: [propext, Classical.choice, Quot.sound]
'ModifiedCartan.complex_monic_eq_prod_linear' depends on axioms: [propext, Classical.choice, Quot.sound]
'ModifiedCartan.kpJointSchubertChart_exists' depends on axioms: [propext, Classical.choice, Quot.sound]
'ModifiedCartan.polynomial_eq_zero_of_kpJointSchubertCharts' depends on axioms: [propext, Classical.choice, Quot.sound]
'ModifiedCartan.commonEigenvector_iff_forall_det_eq_zero' depends on axioms: [propext, Classical.choice, Quot.sound]
'ModifiedCartan.kpJointEigenspace_permute_ne_bot_iff' depends on axioms: [propext, Classical.choice, Quot.sound]
'ModifiedCartan.eval₂_eq_zero_of_symmetricOrbitPolynomial' depends on axioms: [propext, Classical.choice, Quot.sound]
'ModifiedCartan.symmetricPolynomial_exists_specialization' depends on axioms: [propext, Classical.choice, Quot.sound]
'ModifiedCartan.kpSymmetricEquation_vanishes_on_wronskiFibre' depends on axioms: [propext, Classical.choice, Quot.sound]
'ModifiedCartan.kpPolynomialEquation_vanishes_on_wronskiFibre' depends on axioms: [propext,
 Classical.choice,
 Quot.sound]
'ModifiedCartan.kpJointEigenspace_chart_ne_bot_iff_finite_det' depends on axioms: [propext,
 Classical.choice,
 Quot.sound]
'ModifiedCartan.kpEquationDeterminantPolynomial_eval₂' depends on axioms: [propext, Classical.choice, Quot.sound]
'ModifiedCartan.kpJointEigenspace_of_schubertWronskiFibre' depends on axioms: [propext, Classical.choice, Quot.sound]
'ModifiedCartan.kp_isCommonEigenspace_iff' depends on axioms: [propext, Classical.choice, Quot.sound]
'ModifiedCartan.Paper.lem_KP_correspondence_ii' depends on axioms: [propext, Classical.choice, Quot.sound]
'ModifiedCartan.kpAlpha_expectation_bound' depends on axioms: [propext, Classical.choice, Quot.sound]
'ModifiedCartan.kpBeta_expectation_div_product' depends on axioms: [propext, Classical.choice, Quot.sound]
'ModifiedCartan.schubertWronskiFibre_exists_unit_kpEigenvector_all' depends on axioms: [propext,
 Classical.choice,
 Quot.sound]
'ModifiedCartan.normalizedSchubertCoordinate_div_bot' depends on axioms: [propext, Classical.choice, Quot.sound]
'ModifiedCartan.schubertUniversalMinors' depends on axioms: [propext, Classical.choice, Quot.sound]
'ModifiedCartan.schubertMinor_norm_le' depends on axioms: [propext, Classical.choice, Quot.sound]
'ModifiedCartan.polynomialBasis_exists_strictMono_natDegree' depends on axioms: [propext, Classical.choice, Quot.sound]
'ModifiedCartan.polynomialSpace_exists_schubertFrame' depends on axioms: [propext, Classical.choice, Quot.sound]
'ModifiedCartan.schubertWronskiFibre_partitionSize' depends on axioms: [propext, Classical.choice, Quot.sound]
'ModifiedCartan.Paper.lem_universal_minors' depends on axioms: [propext, Classical.choice, Quot.sound]
'ModifiedCartan.Paper.eq_minor_es_bound' depends on axioms: [propext, Classical.choice, Quot.sound]
'ModifiedCartan.columnPartition_order_cycle' depends on axioms: [propext, Classical.choice, Quot.sound]
'ModifiedCartan.fundamentalCoefficients_eq_columnMinor' depends on axioms: [propext, Classical.choice, Quot.sound]
'ModifiedCartan.Paper.prop_polynomialcoeff' depends on axioms: [propext, Classical.choice, Quot.sound]
'ModifiedCartan.sortedReplacementOrders_partitionSize' depends on axioms: [propext, Classical.choice, Quot.sound]
'ModifiedCartan.initialPolynomialBasis_jet_norm_le' depends on axioms: [propext, Classical.choice, Quot.sound]
'ModifiedCartan.initialPolynomialBasis_taylorCoeff_norm_le' depends on axioms: [propext, Classical.choice, Quot.sound]
'ModifiedCartan.Paper.prop_initial_basis' depends on axioms: [propext, Classical.choice, Quot.sound]
'ModifiedCartan.polynomialBasis_existsUnique_identity_jets' depends on axioms: [propext, Classical.choice, Quot.sound]
'ModifiedCartan.Paper.eq_initial_value_bound' depends on axioms: [propext, Classical.choice, Quot.sound]
'ModifiedCartan.betheAlgebra_eq_adjoin_coefficients' depends on axioms: [propext, Classical.choice, Quot.sound]
'ModifiedCartan.polynomialODEJetMatrix_det' depends on axioms: [propext, Classical.choice, Quot.sound]
'ModifiedCartan.kpParameterEvaluation_ext_pos_real' depends on axioms: [propext, Classical.choice, Quot.sound]
'ModifiedCartan.kpParameterBetheAlgebra_isMulCommutative' depends on axioms: [propext, Classical.choice, Quot.sound]
'ModifiedCartan.polynomialODEJetMatrix_ofFn_adjugate_solution' depends on axioms: [propext,
 Classical.choice,
 Quot.sound]
'ModifiedCartan.polynomialODEAdjugatePolynomial_map' depends on axioms: [propext, Classical.choice, Quot.sound]
'ModifiedCartan.kpBetaPowerCoefficient_action' depends on axioms: [propext, Classical.choice, Quot.sound]
'ModifiedCartan.kpParameterColumnPolynomial_zero' depends on axioms: [propext, Classical.choice, Quot.sound]
'ModifiedCartan.kpParameterDifferentialCoefficients_leading' depends on axioms: [propext, Classical.choice, Quot.sound]
'ModifiedCartan.polynomial_columnMinor_differential_identity' depends on axioms: [propext, Classical.choice, Quot.sound]
'ModifiedCartan.schubert_columnValues_differential_identity' depends on axioms: [propext, Classical.choice, Quot.sound]
'ModifiedCartan.PolynomialSchubertFrame.natDegree_le' depends on axioms: [propext, Classical.choice, Quot.sound]
'ModifiedCartan.polynomialODE_identityJets_adjugate_solution' depends on axioms: [propext, Classical.choice, Quot.sound]
'ModifiedCartan.partitionCoefficientMinor_map' depends on axioms: [propext, Classical.choice, Quot.sound]
'ModifiedCartan.partitionCoefficientMinor_smul' depends on axioms: [propext, Classical.choice, Quot.sound]
'ModifiedCartan.partitionCoefficientMinor_eq_eval' depends on axioms: [propext, Classical.choice, Quot.sound]
'ModifiedCartan.kpParameterDifferentialCoefficients_character' depends on axioms: [propext,
 Classical.choice,
 Quot.sound]
'ModifiedCartan.schubert_columnValues_adjugate_solution' depends on axioms: [propext, Classical.choice, Quot.sound]
'ModifiedCartan.schubert_columnValues_adjugate_minor' depends on axioms: [propext, Classical.choice, Quot.sound]
'ModifiedCartan.kpParameterODEDeterminant_eval_ne_zero' depends on axioms: [propext, Classical.choice, Quot.sound]
'ModifiedCartan.kpParameterAdjugatePolynomial_character' depends on axioms: [propext, Classical.choice, Quot.sound]
'ModifiedCartan.kpParameterScalarODEJetMatrix_det' depends on axioms: [propext, Classical.choice, Quot.sound]
'ModifiedCartan.kpJoint_identityBasis_exists' depends on axioms: [propext, Classical.choice, Quot.sound]
'ModifiedCartan.kpParameterAdjugateMinor_character' depends on axioms: [propext, Classical.choice, Quot.sound]
'ModifiedCartan.kpRealJointAction_ext' depends on axioms: [propext, Classical.choice, Quot.sound]
'ModifiedCartan.kpParameterAdjugateMinor_positive' depends on axioms: [propext, Classical.choice, Quot.sound]
'ModifiedCartan.kpParameterAdjugateMinor_identity' depends on axioms: [propext, Classical.choice, Quot.sound]
'ModifiedCartan.kpBeta_zero_mem_bethe_of_prod_ne_zero' depends on axioms: [propext, Classical.choice, Quot.sound]
'ModifiedCartan.kpGeneratedAlgebra_eq_betheAlgebra' depends on axioms: [propext, Classical.choice, Quot.sound]
'ModifiedCartan.Paper.lem_KP_correspondence' depends on axioms: [propext, Classical.choice, Quot.sound]
'ModifiedCartan.integral_negativeLogNorm_sub' depends on axioms: [propext, Classical.choice, Quot.sound]
'ModifiedCartan.Paper.eq_polynomial_negative_area' depends on axioms: [propext, Classical.choice, Quot.sound]
'ModifiedCartan.monic_polynomial_small_value_area_le' depends on axioms: [propext, Classical.choice, Quot.sound]
'ModifiedCartan.monic_polynomial_small_value_area_tendsto_zero' depends on axioms: [propext,
 Classical.choice,
 Quot.sound]
'ModifiedCartan.norm_quotient_difference_le_of_error' depends on axioms: [propext, Classical.choice, Quot.sound]
'ModifiedCartan.tendstoInMeasure_zero_of_exceptional_sets' depends on axioms: [propext, Classical.choice, Quot.sound]
'ModifiedCartan.monic_quotient_comparison_inMeasure' depends on axioms: [propext, Classical.choice, Quot.sound]
'ModifiedCartan.monic_quotient_comparison_localMeasure' depends on axioms: [propext, Classical.choice, Quot.sound]
'ModifiedCartan.norm_taylorPolynomial_sub_le' depends on axioms: [propext, Classical.choice, Quot.sound]
'ModifiedCartan.norm_taylor_derivative_remainder_disk' depends on axioms: [propext, Classical.choice, Quot.sound]
'ModifiedCartan.exists_geometric_linear_cutoff' depends on axioms: [propext, Classical.choice, Quot.sound]
'ModifiedCartan.Paper.eq_taylorerror' depends on axioms: [propext, Classical.choice, Quot.sound]
'ModifiedCartan.norm_matrix_det_sub_le_of_entry_error' depends on axioms: [propext, Classical.choice, Quot.sound]
'ModifiedCartan.norm_wronskian_sub_le_of_jet_error' depends on axioms: [propext, Classical.choice, Quot.sound]
'ModifiedCartan.norm_fundamentalNumerator_le_of_jet_bound' depends on axioms: [propext, Classical.choice, Quot.sound]
'ModifiedCartan.norm_fundamentalNumerator_sub_le_of_jet_error' depends on axioms: [propext,
 Classical.choice,
 Quot.sound]
'ModifiedCartan.local_jet_exponential_margin' depends on axioms: [propext, Classical.choice, Quot.sound]
'ModifiedCartan.exists_fundamentalNumerator_exponential_bound' depends on axioms: [propext,
 Classical.choice,
 Quot.sound]
'ModifiedCartan.exists_polynomial_determinant_approximation' depends on axioms: [propext, Classical.choice, Quot.sound]
'ModifiedCartan.polynomial_ne_zero_of_small_error_monic' depends on axioms: [propext, Classical.choice, Quot.sound]
'ModifiedCartan.Paper.eq_wronskiapprox' depends on axioms: [propext, Classical.choice, Quot.sound]
'ModifiedCartan.Paper.eq_cramercomparison' depends on axioms: [propext, Classical.choice, Quot.sound]
