AUDIT PASSED: 1156 declarations, including 973 theorem declarations.
Actual logical dependencies: [Quot.sound, Classical.choice, propext].
'FewInflection.fundamental_last_coefficient_eq_neg_deriv_div' depends on axioms: [propext, Classical.choice, Quot.sound]
'FewInflection.exists_canonical_gauge' depends on axioms: [propext, Classical.choice, Quot.sound]
'FewInflection.quotient_characteristic_le_curve' depends on axioms: [propext, Classical.choice, Quot.sound]
'ModifiedCartan.characteristic_abs_sub_le' depends on axioms: [propext, Classical.choice, Quot.sound]
'ModifiedCartan.Paper.eq_zerojensen' depends on axioms: [propext, Classical.choice, Quot.sound]
'ModifiedCartan.Paper.eq_countbound' depends on axioms: [propext, Classical.choice, Quot.sound]
'ModifiedCartan.Paper.eq_quotientbound' depends on axioms: [propext, Classical.choice, Quot.sound]
'ModifiedCartan.Paper.eq_zero_count_definition' depends on axioms: [propext, Classical.choice, Quot.sound]
'ModifiedCartan.ramification_eq_integralZeroCounting' depends on axioms: [propext, Classical.choice, Quot.sound]
'ModifiedCartan.characteristic_nonneg' depends on axioms: [propext, Classical.choice, Quot.sound]
'ModifiedCartan.Paper.lem_fundamental_operator' depends on axioms: [propext, Classical.choice, Quot.sound]
'ModifiedCartan.canonical_gauge_coefficients_independent' depends on axioms: [propext, Classical.choice, Quot.sound]
'ModifiedCartan.canonicalCoefficient_eq_normalized' depends on axioms: [propext, Classical.choice, Quot.sound]
'ModifiedCartan.meromorphicAt_canonicalCoefficient' depends on axioms: [propext, Classical.choice, Quot.sound]
'ModifiedCartan.canonicalCoefficient_last_eq_zero' depends on axioms: [propext, Classical.choice, Quot.sound]
'ModifiedCartan.canonicalCoefficient_scalar_mul' depends on axioms: [propext, Classical.choice, Quot.sound]
'ModifiedCartan.canonicalCoefficient_matrix' depends on axioms: [propext, Classical.choice, Quot.sound]
'ModifiedCartan.Paper.eq_scalecoeff' depends on axioms: [propext, Classical.choice, Quot.sound]
'ModifiedCartan.Paper.lem_canonical_gauge' depends on axioms: [propext, Classical.choice, Quot.sound]
'ModifiedCartan.curve_wronskian_nontrivial' depends on axioms: [propext, Classical.choice, Quot.sound]
'ModifiedCartan.linear_relation_of_wronskian_eq_zero' depends on axioms: [propext, Classical.choice, Quot.sound]
'ModifiedCartan.LocalLpConvergence.inMeasure' depends on axioms: [propext, Classical.choice, Quot.sound]
'ModifiedCartan.LocalLpConvergence.compactlySupported_test_integral' depends on axioms: [propext,
 Classical.choice,
 Quot.sound]
'ModifiedCartan.memLp_cauchyKernel_on_compact' depends on axioms: [propext, Classical.choice, Quot.sound]
'ModifiedCartan.integral_norm_neg_rpow_tendsto_zero' depends on axioms: [propext, Classical.choice, Quot.sound]
'ModifiedCartan.integrableOn_log_norm_on_compact' depends on axioms: [propext, Classical.choice, Quot.sound]
'ModifiedCartan.memLp_logKernel_on_compact' depends on axioms: [propext, Classical.choice, Quot.sound]
'ModifiedCartan.integral_shifted_norm_neg_rpow_exact' depends on axioms: [propext, Classical.choice, Quot.sound]
'ModifiedCartan.eLpNorm_sum_nearCauchyKernel_le' depends on axioms: [propext, Classical.choice, Quot.sound]
'ModifiedCartan.uniform_cauchy_truncation' depends on axioms: [propext, Classical.choice, Quot.sound]
'ModifiedCartan.LocalMeasureConvergence.exists_seq_tendsto_ae' depends on axioms: [propext,
 Classical.choice,
 Quot.sound]
'ModifiedCartan.LocalLpConvergence.exists_seq_tendsto_ae' depends on axioms: [propext, Classical.choice, Quot.sound]
'ModifiedCartan.memLp_logDeriv_on_compact' depends on axioms: [propext, Classical.choice, Quot.sound]
'ModifiedCartan.memLp_log_norm_on_compact' depends on axioms: [propext, Classical.choice, Quot.sound]
'ModifiedCartan.eLpNorm_integral_finite_le' depends on axioms: [propext, Classical.choice, Quot.sound]
'ModifiedCartan.eLpNorm_integral_nearCauchyKernel_le' depends on axioms: [propext, Classical.choice, Quot.sound]
'ModifiedCartan.ae_integrable_nearCauchyKernel' depends on axioms: [propext, Classical.choice, Quot.sound]
'ModifiedCartan.uniform_cauchy_truncation_measures' depends on axioms: [propext, Classical.choice, Quot.sound]
'ModifiedCartan.ae_integrable_cauchyKernel' depends on axioms: [propext, Classical.choice, Quot.sound]
'ModifiedCartan.eLpNorm_cauchyTransform_sub_regularized_le' depends on axioms: [propext, Classical.choice, Quot.sound]
'ModifiedCartan.memLp_cauchyTransform_on_compact' depends on axioms: [propext, Classical.choice, Quot.sound]
'ModifiedCartan.cauchyTransform_tendsto_eLpNorm' depends on axioms: [propext, Classical.choice, Quot.sound]
'ModifiedCartan.cauchyTransform_localLpConvergence' depends on axioms: [propext, Classical.choice, Quot.sound]
'ModifiedCartan.eLpNorm_cappedLogPotential_sub_regularized_le' depends on axioms: [propext,
 Classical.choice,
 Quot.sound]
'ModifiedCartan.memLp_cappedLogPotential_on_compact' depends on axioms: [propext, Classical.choice, Quot.sound]
'ModifiedCartan.ae_mem_closed_of_weak_tendsto' depends on axioms: [propext, Classical.choice, Quot.sound]
'ModifiedCartan.logPotential_localL1Convergence' depends on axioms: [propext, Classical.choice, Quot.sound]
