AUDIT PASSED: 1421 declarations, including 1221 theorem declarations.
Actual logical dependencies: [Quot.sound, Classical.choice, propext].
'FewInflection.fundamental_last_coefficient_eq_neg_deriv_div' depends on axioms: [propext, Classical.choice, Quot.sound]
'FewInflection.exists_canonical_gauge' depends on axioms: [propext, Classical.choice, Quot.sound]
'FewInflection.quotient_characteristic_le_curve' depends on axioms: [propext, Classical.choice, Quot.sound]
'ModifiedCartan.characteristic_abs_sub_le' depends on axioms: [propext, Classical.choice, Quot.sound]
'ModifiedCartan.Paper.eq_zerojensen' depends on axioms: [propext, Classical.choice, Quot.sound]
'ModifiedCartan.Paper.eq_countbound' depends on axioms: [propext, Classical.choice, Quot.sound]
'ModifiedCartan.Paper.eq_quotientbound' depends on axioms: [propext, Classical.choice, Quot.sound]
'ModifiedCartan.Paper.eq_zero_count_definition' depends on axioms: [propext, Classical.choice, Quot.sound]
'ModifiedCartan.ramification_eq_integralZeroCounting' depends on axioms: [propext, Classical.choice, Quot.sound]
'ModifiedCartan.characteristic_nonneg' depends on axioms: [propext, Classical.choice, Quot.sound]
'ModifiedCartan.Paper.lem_fundamental_operator' depends on axioms: [propext, Classical.choice, Quot.sound]
'ModifiedCartan.canonical_gauge_coefficients_independent' depends on axioms: [propext, Classical.choice, Quot.sound]
'ModifiedCartan.canonicalCoefficient_eq_normalized' depends on axioms: [propext, Classical.choice, Quot.sound]
'ModifiedCartan.meromorphicAt_canonicalCoefficient' depends on axioms: [propext, Classical.choice, Quot.sound]
'ModifiedCartan.canonicalCoefficient_last_eq_zero' depends on axioms: [propext, Classical.choice, Quot.sound]
'ModifiedCartan.canonicalCoefficient_scalar_mul' depends on axioms: [propext, Classical.choice, Quot.sound]
'ModifiedCartan.canonicalCoefficient_matrix' depends on axioms: [propext, Classical.choice, Quot.sound]
'ModifiedCartan.Paper.eq_scalecoeff' depends on axioms: [propext, Classical.choice, Quot.sound]
'ModifiedCartan.Paper.lem_canonical_gauge' depends on axioms: [propext, Classical.choice, Quot.sound]
'ModifiedCartan.curve_wronskian_nontrivial' depends on axioms: [propext, Classical.choice, Quot.sound]
'ModifiedCartan.linear_relation_of_wronskian_eq_zero' depends on axioms: [propext, Classical.choice, Quot.sound]
'ModifiedCartan.LocalLpConvergence.inMeasure' depends on axioms: [propext, Classical.choice, Quot.sound]
'ModifiedCartan.LocalLpConvergence.compactlySupported_test_integral' depends on axioms: [propext,
 Classical.choice,
 Quot.sound]
'ModifiedCartan.memLp_cauchyKernel_on_compact' depends on axioms: [propext, Classical.choice, Quot.sound]
'ModifiedCartan.integral_norm_neg_rpow_tendsto_zero' depends on axioms: [propext, Classical.choice, Quot.sound]
'ModifiedCartan.integrableOn_log_norm_on_compact' depends on axioms: [propext, Classical.choice, Quot.sound]
'ModifiedCartan.memLp_logKernel_on_compact' depends on axioms: [propext, Classical.choice, Quot.sound]
'ModifiedCartan.integral_shifted_norm_neg_rpow_exact' depends on axioms: [propext, Classical.choice, Quot.sound]
'ModifiedCartan.eLpNorm_sum_nearCauchyKernel_le' depends on axioms: [propext, Classical.choice, Quot.sound]
'ModifiedCartan.uniform_cauchy_truncation' depends on axioms: [propext, Classical.choice, Quot.sound]
'ModifiedCartan.LocalMeasureConvergence.exists_seq_tendsto_ae' depends on axioms: [propext,
 Classical.choice,
 Quot.sound]
'ModifiedCartan.LocalLpConvergence.exists_seq_tendsto_ae' depends on axioms: [propext, Classical.choice, Quot.sound]
'ModifiedCartan.memLp_logDeriv_on_compact' depends on axioms: [propext, Classical.choice, Quot.sound]
'ModifiedCartan.memLp_log_norm_on_compact' depends on axioms: [propext, Classical.choice, Quot.sound]
'ModifiedCartan.eLpNorm_integral_finite_le' depends on axioms: [propext, Classical.choice, Quot.sound]
'ModifiedCartan.eLpNorm_integral_nearCauchyKernel_le' depends on axioms: [propext, Classical.choice, Quot.sound]
'ModifiedCartan.ae_integrable_nearCauchyKernel' depends on axioms: [propext, Classical.choice, Quot.sound]
'ModifiedCartan.uniform_cauchy_truncation_measures' depends on axioms: [propext, Classical.choice, Quot.sound]
'ModifiedCartan.ae_integrable_cauchyKernel' depends on axioms: [propext, Classical.choice, Quot.sound]
'ModifiedCartan.eLpNorm_cauchyTransform_sub_regularized_le' depends on axioms: [propext, Classical.choice, Quot.sound]
'ModifiedCartan.memLp_cauchyTransform_on_compact' depends on axioms: [propext, Classical.choice, Quot.sound]
'ModifiedCartan.cauchyTransform_tendsto_eLpNorm' depends on axioms: [propext, Classical.choice, Quot.sound]
'ModifiedCartan.cauchyTransform_localLpConvergence' depends on axioms: [propext, Classical.choice, Quot.sound]
'ModifiedCartan.eLpNorm_cappedLogPotential_sub_regularized_le' depends on axioms: [propext,
 Classical.choice,
 Quot.sound]
'ModifiedCartan.memLp_cappedLogPotential_on_compact' depends on axioms: [propext, Classical.choice, Quot.sound]
'ModifiedCartan.ae_mem_closed_of_weak_tendsto' depends on axioms: [propext, Classical.choice, Quot.sound]
'ModifiedCartan.logPotential_localL1Convergence' depends on axioms: [propext, Classical.choice, Quot.sound]
'ModifiedCartan.integral_logKernel_mul_fderiv_one' depends on axioms: [propext, Classical.choice, Quot.sound]
'ModifiedCartan.integral_logKernel_mul_fderiv_I' depends on axioms: [propext, Classical.choice, Quot.sound]
'ModifiedCartan.integrable_prod_logKernel_mul_test' depends on axioms: [propext, Classical.choice, Quot.sound]
'ModifiedCartan.integrable_prod_test_smul_cauchyKernel' depends on axioms: [propext, Classical.choice, Quot.sound]
'ModifiedCartan.integral_logPotential_mul_fderiv_one' depends on axioms: [propext, Classical.choice, Quot.sound]
'ModifiedCartan.integral_logPotential_mul_fderiv_I' depends on axioms: [propext, Classical.choice, Quot.sound]
'ModifiedCartan.memLp_logPotential_of_pos' depends on axioms: [propext, Classical.choice, Quot.sound]
'ModifiedCartan.logPotential_hasWeakComplexGradient' depends on axioms: [propext, Classical.choice, Quot.sound]
'ModifiedCartan.logPotential_memW1pLoc' depends on axioms: [propext, Classical.choice, Quot.sound]
'ModifiedCartan.HasWeakComplexGradient.of_localL1_limit' depends on axioms: [propext, Classical.choice, Quot.sound]
'ModifiedCartan.integral_logGradientPair' depends on axioms: [propext, Classical.choice, Quot.sound]
'ModifiedCartan.integral_logKernel_mul_laplacian' depends on axioms: [propext, Classical.choice, Quot.sound]
'ModifiedCartan.integral_logPotential_mul_laplacian' depends on axioms: [propext, Classical.choice, Quot.sound]
'ModifiedCartan.integral_harmonic_mul_laplacian_test' depends on axioms: [propext, Classical.choice, Quot.sound]
'ModifiedCartan.LocalLpConvergence.laplacian_test_integral' depends on axioms: [propext, Classical.choice, Quot.sound]
'ModifiedCartan.integral_logNorm_mul_laplacian_eq_divisor' depends on axioms: [propext, Classical.choice, Quot.sound]
'ModifiedCartan.integral_logNorm_mul_laplacian_on_ball' depends on axioms: [propext, Classical.choice, Quot.sound]
'ModifiedCartan.logNorm_eq_logPotential_add_harmonic_on_ball' depends on axioms: [propext, Classical.choice, Quot.sound]
'ModifiedCartan.exists_smooth_disk_cutoff' depends on axioms: [propext, Classical.choice, Quot.sound]
'ModifiedCartan.localizedZeroMeasure_mass_eq' depends on axioms: [propext, Classical.choice, Quot.sound]
'ModifiedCartan.LocalLpConvergence.localizedZeroMeasure_mass_tendsto' depends on axioms: [propext,
 Classical.choice,
 Quot.sound]
'ModifiedCartan.LocalLpConvergence.localizedZeroMeasure_mass_bounded' depends on axioms: [propext,
 Classical.choice,
 Quot.sound]
'ModifiedCartan.finiteMeasure_tendsto_subseq_of_compact_support' depends on axioms: [propext,
 Classical.choice,
 Quot.sound]
'ModifiedCartan.LocalLpConvergence.localizedZeroMeasure_tendsto_subseq' depends on axioms: [propext,
 Classical.choice,
 Quot.sound]
'ModifiedCartan.LocalLpConvergence.localizedZeroMeasure_potentials_subseq' depends on axioms: [propext,
 Classical.choice,
 Quot.sound]
'ModifiedCartan.logNorm_eq_localized_potential_add_harmonic' depends on axioms: [propext, Classical.choice, Quot.sound]
'ModifiedCartan.integral_radial_mul_harmonic' depends on axioms: [propext, Classical.choice, Quot.sound]
'ModifiedCartan.radialKernel_contDiff' depends on axioms: [propext, Classical.choice, Quot.sound]
'ModifiedCartan.radialKernel_integral' depends on axioms: [propext, Classical.choice, Quot.sound]
'ModifiedCartan.scalarConvolution_radialKernel_eq' depends on axioms: [propext, Classical.choice, Quot.sound]
'ModifiedCartan.scalarConvolution_tendstoUniformly' depends on axioms: [propext, Classical.choice, Quot.sound]
'ModifiedCartan.scalarConvolution_fderiv_tendstoUniformly' depends on axioms: [propext, Classical.choice, Quot.sound]
'ModifiedCartan.scalarConvolution_laplacian_tendsto' depends on axioms: [propext, Classical.choice, Quot.sound]
'ModifiedCartan.LocalLpConvergence.sub' depends on axioms: [propext, Classical.choice, Quot.sound]
'ModifiedCartan.LocalLpConvergence.congr_ae' depends on axioms: [propext, Classical.choice, Quot.sound]
'ModifiedCartan.LocalLpConvergence.integral_norm_sub_tendsto_zero' depends on axioms: [propext,
 Classical.choice,
 Quot.sound]
'ModifiedCartan.LocalLpConvergence.harmonic_representative_on_interior' depends on axioms: [propext,
 Classical.choice,
 Quot.sound]
'ModifiedCartan.LocalLpConvergence.harmonic_representative_on_ball' depends on axioms: [propext,
 Classical.choice,
 Quot.sound]
'ModifiedCartan.LocalLpConvergence.log_limit_representation_on_ball' depends on axioms: [propext,
 Classical.choice,
 Quot.sound]
'ModifiedCartan.LocalLpConvergence.exists_log_potential_harmonic_on_ball' depends on axioms: [propext,
 Classical.choice,
 Quot.sound]
'ModifiedCartan.contDiff_hasWeakComplexGradient' depends on axioms: [propext, Classical.choice, Quot.sound]
'ModifiedCartan.MemW1pLoc.congr_ae' depends on axioms: [propext, Classical.choice, Quot.sound]
'ModifiedCartan.HasWeakComplexGradient.add' depends on axioms: [propext, Classical.choice, Quot.sound]
'ModifiedCartan.LocalLpConvergence.log_limit_memW1pLoc_on_ball' depends on axioms: [propext,
 Classical.choice,
 Quot.sound]
'ModifiedCartan.HasWeakComplexGradient.unique' depends on axioms: [propext, Classical.choice, Quot.sound]
'ModifiedCartan.scalarConvolution_iteratedFDeriv_tendstoUniformly' depends on axioms: [propext,
 Classical.choice,
 Quot.sound]
'ModifiedCartan.LocalLpConvergence.harmonic_representative_all_derivatives_on_ball' depends on axioms: [propext,
 Classical.choice,
 Quot.sound]
'ModifiedCartan.LocalLpConvergence.log_limit_locally_memW1pLoc' depends on axioms: [propext,
 Classical.choice,
 Quot.sound]
'ModifiedCartan.exists_finite_smooth_test_decomposition' depends on axioms: [propext, Classical.choice, Quot.sound]
'ModifiedCartan.HasWeakComplexGradient.of_locally' depends on axioms: [propext, Classical.choice, Quot.sound]
'ModifiedCartan.MemW1pLoc.of_locally' depends on axioms: [propext, Classical.choice, Quot.sound]
'ModifiedCartan.LocalLpConvergence.log_limit_memW1pLoc' depends on axioms: [propext, Classical.choice, Quot.sound]
'ModifiedCartan.LocalLpConvergence.log_limit_weak_gradient' depends on axioms: [propext, Classical.choice, Quot.sound]
'ModifiedCartan.localLpConvergence_of_tendstoUniformlyOn' depends on axioms: [propext, Classical.choice, Quot.sound]
'ModifiedCartan.localLpConvergence_of_subseq' depends on axioms: [propext, Classical.choice, Quot.sound]
