✔ [968/973] Built Mathlib.CategoryTheory.Limits.Shapes.FiniteProducts (7.6s)
✔ [974/989] Built Mathlib.CategoryTheory.Limits.Preserves.Shapes.BinaryProducts (8.2s)
✔ [1238/1290] Built Mathlib.Algebra.Module.LinearMap.Rat (7.3s)
✔ [1814/1831] Built Mathlib.CategoryTheory.Limits.Shapes.BinaryBiproducts (19s)
✔ [1816/1850] Built Mathlib.LinearAlgebra.Coevaluation (10s)
✔ [1846/1866] Built Mathlib.CategoryTheory.Preadditive.Biproducts (15s)
✔ [1847/1867] Built Mathlib.CategoryTheory.Preadditive.AdditiveFunctor (10s)
✔ [1855/1869] Built Mathlib.Algebra.Colimit.DirectLimit (28s)
✔ [1857/1869] Built Mathlib.CategoryTheory.Monoidal.Linear (9.4s)
✔ [1858/1869] Built Mathlib.Algebra.Category.ModuleCat.Products (10s)
✔ [1859/1870] Built Mathlib.Algebra.Category.ModuleCat.EpiMono (9.1s)
✔ [1861/1870] Built Mathlib.CategoryTheory.Limits.Preserves.Creates.Finite (7.7s)
✔ [1864/1874] Built Mathlib.CategoryTheory.Limits.Shapes.SplitCoequalizer (8.1s)
✔ [1869/1877] Built Mathlib.Algebra.Colimit.Module (13s)
✔ [1871/1879] Built Mathlib.Algebra.Category.FGModuleCat.Basic (14s)
✔ [1873/1880] Built Mathlib.Algebra.Category.ModuleCat.Limits (15s)
✔ [1888/1892] Built Mathlib.Algebra.Category.Grp.Colimits (13s)
✔ [1890/1899] Built Mathlib.CategoryTheory.Abelian.Basic (16s)
✔ [1896/1904] Built Mathlib.Algebra.Category.FGModuleCat.Colimits (10s)
✔ [1908/1916] Built Mathlib.CategoryTheory.Adjunction.Restrict (8.1s)
✔ [1919/1933] Built Mathlib.CategoryTheory.ObjectProperty.ContainsZero (7.4s)
✔ [1933/1943] Built Mathlib.CategoryTheory.WithTerminal.Cone (15s)
✔ [1937/1980] Built Mathlib.Algebra.Algebra.Spectrum.Quasispectrum (14s)
✔ [2226/2238] Built Mathlib.CategoryTheory.Subobject.Basic (11s)
✔ [2234/2241] Built Mathlib.Algebra.Category.ModuleCat.Kernels (11s)
✔ [2239/2243] Built Mathlib.CategoryTheory.Monoidal.Rigid.OfEquivalence (7.9s)
✔ [2243/2251] Built Mathlib.CategoryTheory.Monoidal.Rigid.FunctorCategory (9.5s)
✔ [2246/2251] Built Mathlib.CategoryTheory.FintypeCat (10s)
✔ [2247/2254] Built Mathlib.CategoryTheory.Action.Basic (13s)
✔ [2253/2263] Built Mathlib.CategoryTheory.Limits.FunctorCategory.Finite (7.0s)
✔ [2254/2264] Built Mathlib.RepresentationTheory.Subrepresentation (10s)
✔ [2255/2266] Built Mathlib.CategoryTheory.Abelian.FunctorCategory (8.6s)
✔ [2265/2276] Built Mathlib.Algebra.Homology.ShortComplex.Basic (11s)
✔ [2269/2281] Built Mathlib.Algebra.Homology.ShortComplex.RightHomology (16s)
✔ [2270/2281] Built Mathlib.Algebra.Homology.ShortComplex.Homology (14s)
✔ [2272/2285] Built Mathlib.RepresentationTheory.Rep.Basic (42s)
✔ [2279/2286] Built Mathlib.Algebra.Homology.ShortComplex.Preadditive (17s)
✔ [2282/2312] Built Mathlib.Algebra.Lie.Basic (16s)
✔ [2301/2312] Built Mathlib.RepresentationTheory.Semisimple (9.6s)
✔ [2302/2312] Built Mathlib.Algebra.Homology.ShortComplex.Exact (12s)
✔ [2305/2312] Built Mathlib.RepresentationTheory.Maschke (13s)
✔ [2308/2312] Built Mathlib.Algebra.Lie.Submodule (20s)
✔ [2309/2312] Built Mathlib.Algebra.Lie.OfAssociative (14s)
✔ [2311/2312] Built Mathlib.RepresentationTheory.Irreducible (12s)
✔ [2312/2312] Built Mathlib.RepresentationTheory.Character (11s)
Build completed successfully (2312 jobs).
